 DisplayCANMsg_sfun

 Timestamp is 563f9559 (Mon Nov 09 02:32:57 2015)

 Preferred load address is 0000000180000000

 Start         Length     Name                   Class
 0001:00000000 00015142H .text$mn                CODE
 0001:00015150 0000007bH .text$x                 CODE
 0002:00000000 00000410H .idata$5                DATA
 0002:00000410 00000008H .CRT$XCA                DATA
 0002:00000418 00000008H .CRT$XCZ                DATA
 0002:00000420 00000008H .CRT$XIA                DATA
 0002:00000428 00000008H .CRT$XIAA               DATA
 0002:00000430 00000008H .CRT$XIC                DATA
 0002:00000438 00000008H .CRT$XIZ                DATA
 0002:00000440 000006e0H .rdata                  DATA
 0002:00000b20 00000008H .rtc$IAA                DATA
 0002:00000b28 00000008H .rtc$IZZ                DATA
 0002:00000b30 00000008H .rtc$TAA                DATA
 0002:00000b38 00000008H .rtc$TZZ                DATA
 0002:00000b40 00000b64H .xdata                  DATA
 0002:000016b0 00000058H .edata                  DATA
 0002:00001708 00000078H .idata$2                DATA
 0002:00001780 00000014H .idata$3                DATA
 0002:00001798 00000410H .idata$4                DATA
 0002:00001ba8 00000b6aH .idata$6                DATA
 0003:00000000 00002ea8H .data                   DATA
 0003:00002eb0 000006e8H .bss                    DATA
 0004:00000000 00000e70H .pdata                  DATA

  Address         Publics by Value              Rva+Base               Lib:Object

 0000:00000000       __guard_fids_table         0000000000000000     <absolute>
 0000:00000000       ___safe_se_handler_count   0000000000000000     <absolute>
 0000:00000000       ___safe_se_handler_table   0000000000000000     <absolute>
 0000:00000000       __guard_fids_count         0000000000000000     <absolute>
 0000:00000000       __guard_flags              0000000000000000     <absolute>
 0000:00000000       __ImageBase                0000000180000000     <linker-defined>
 0001:00000000       DisplayCANMsg_initializer  0000000180001000 f   DisplayCANMsg_sfun.obj
 0001:00000010       DisplayCANMsg_terminator   0000000180001010 f   DisplayCANMsg_sfun.obj
 0001:00000020       load_DisplayCANMsg_optimization_info 0000000180001020 f   DisplayCANMsg_sfun.obj
 0001:00000070       unload_DisplayCANMsg_optimization_info 0000000180001070 f   DisplayCANMsg_sfun.obj
 0001:000000a0       sf_DisplayCANMsg_method_dispatcher 00000001800010a0 f   DisplayCANMsg_sfun.obj
 0001:00000150       sf_DisplayCANMsg_uses_exported_functions 0000000180001150 f   DisplayCANMsg_sfun.obj
 0001:00000190       sf_DisplayCANMsg_process_check_sum_call 0000000180001190 f   DisplayCANMsg_sfun.obj
 0001:00000780       sf_DisplayCANMsg_autoinheritance_info 0000000180001780 f   DisplayCANMsg_sfun.obj
 0001:00000a90       sf_DisplayCANMsg_get_eml_resolved_functions_info 0000000180001a90 f   DisplayCANMsg_sfun.obj
 0001:00000cd0       sf_DisplayCANMsg_third_party_uses_info 0000000180001cd0 f   DisplayCANMsg_sfun.obj
 0001:00000f50       sf_DisplayCANMsg_jit_fallback_info 0000000180001f50 f   DisplayCANMsg_sfun.obj
 0001:000011d0       sf_DisplayCANMsg_updateBuildInfo_args_info 00000001800021d0 f   DisplayCANMsg_sfun.obj
 0001:00001450       sf_DisplayCANMsg_get_post_codegen_info 0000000180002450 f   DisplayCANMsg_sfun.obj
 0001:00001630       DisplayCANMsg_debug_initialize 0000000180002630 f   DisplayCANMsg_sfun.obj
 0001:000016b0       DisplayCANMsg_register_exported_symbols 00000001800026b0 f   DisplayCANMsg_sfun.obj
 0001:000016c0       sf_c1_DisplayCANMsg_get_eml_resolved_functions_info 00000001800026c0 f   c1_DisplayCANMsg.obj
 0001:00001740       sf_c1_DisplayCANMsg_get_check_sum 0000000180002740 f   c1_DisplayCANMsg.obj
 0001:00001810       c1_DisplayCANMsg_method_dispatcher 0000000180002810 f   c1_DisplayCANMsg.obj
 0001:00003070       sf_c1_DisplayCANMsg_get_post_codegen_info 0000000180004070 f   c1_DisplayCANMsg.obj
 0001:00003140       sf_c1_DisplayCANMsg_get_autoinheritance_info 0000000180004140 f   c1_DisplayCANMsg.obj
 0001:00003610       sf_c1_DisplayCANMsg_third_party_uses_info 0000000180004610 f   c1_DisplayCANMsg.obj
 0001:00003640       sf_c1_DisplayCANMsg_jit_fallback_info 0000000180004640 f   c1_DisplayCANMsg.obj
 0001:000037d0       sf_c1_DisplayCANMsg_updateBuildInfo_args_info 00000001800047d0 f   c1_DisplayCANMsg.obj
 0001:000043a0       sf_c2_DisplayCANMsg_get_eml_resolved_functions_info 00000001800053a0 f   c2_DisplayCANMsg.obj
 0001:00004420       sf_c2_DisplayCANMsg_get_check_sum 0000000180005420 f   c2_DisplayCANMsg.obj
 0001:000044f0       c2_DisplayCANMsg_method_dispatcher 00000001800054f0 f   c2_DisplayCANMsg.obj
 0001:00005d50       sf_c2_DisplayCANMsg_get_post_codegen_info 0000000180006d50 f   c2_DisplayCANMsg.obj
 0001:00005e20       sf_c2_DisplayCANMsg_get_autoinheritance_info 0000000180006e20 f   c2_DisplayCANMsg.obj
 0001:000062f0       sf_c2_DisplayCANMsg_third_party_uses_info 00000001800072f0 f   c2_DisplayCANMsg.obj
 0001:00006320       sf_c2_DisplayCANMsg_jit_fallback_info 0000000180007320 f   c2_DisplayCANMsg.obj
 0001:000064b0       sf_c2_DisplayCANMsg_updateBuildInfo_args_info 00000001800074b0 f   c2_DisplayCANMsg.obj
 0001:00007080       sf_c3_DisplayCANMsg_get_eml_resolved_functions_info 0000000180008080 f   c3_DisplayCANMsg.obj
 0001:00007100       sf_c3_DisplayCANMsg_get_check_sum 0000000180008100 f   c3_DisplayCANMsg.obj
 0001:000071d0       c3_DisplayCANMsg_method_dispatcher 00000001800081d0 f   c3_DisplayCANMsg.obj
 0001:00008a30       sf_c3_DisplayCANMsg_get_post_codegen_info 0000000180009a30 f   c3_DisplayCANMsg.obj
 0001:00008b00       sf_c3_DisplayCANMsg_get_autoinheritance_info 0000000180009b00 f   c3_DisplayCANMsg.obj
 0001:00008fd0       sf_c3_DisplayCANMsg_third_party_uses_info 0000000180009fd0 f   c3_DisplayCANMsg.obj
 0001:00009000       sf_c3_DisplayCANMsg_jit_fallback_info 000000018000a000 f   c3_DisplayCANMsg.obj
 0001:00009190       sf_c3_DisplayCANMsg_updateBuildInfo_args_info 000000018000a190 f   c3_DisplayCANMsg.obj
 0001:00009d60       sf_c4_DisplayCANMsg_get_eml_resolved_functions_info 000000018000ad60 f   c4_DisplayCANMsg.obj
 0001:00009de0       sf_c4_DisplayCANMsg_get_check_sum 000000018000ade0 f   c4_DisplayCANMsg.obj
 0001:00009eb0       c4_DisplayCANMsg_method_dispatcher 000000018000aeb0 f   c4_DisplayCANMsg.obj
 0001:0000b710       sf_c4_DisplayCANMsg_get_post_codegen_info 000000018000c710 f   c4_DisplayCANMsg.obj
 0001:0000b7e0       sf_c4_DisplayCANMsg_get_autoinheritance_info 000000018000c7e0 f   c4_DisplayCANMsg.obj
 0001:0000bcb0       sf_c4_DisplayCANMsg_third_party_uses_info 000000018000ccb0 f   c4_DisplayCANMsg.obj
 0001:0000bce0       sf_c4_DisplayCANMsg_jit_fallback_info 000000018000cce0 f   c4_DisplayCANMsg.obj
 0001:0000be70       sf_c4_DisplayCANMsg_updateBuildInfo_args_info 000000018000ce70 f   c4_DisplayCANMsg.obj
 0001:0000ca40       mexFunction                000000018000da40 f   DisplayCANMsg_sfun_registry.obj
 0001:0000de10       _ssSetInputPortDirectFeedThroughFcn 000000018000ee10 f   DisplayCANMsg_sfun_registry.obj
 0001:0000df70       _ssGetInputPortSignalPtrsFcn 000000018000ef70 f   DisplayCANMsg_sfun_registry.obj
 0001:0000e190       _ssGetInputPortSignalFcn   000000018000f190 f   DisplayCANMsg_sfun_registry.obj
 0001:0000e3b0       _ssSetInputPortReusableFcn 000000018000f3b0 f   DisplayCANMsg_sfun_registry.obj
 0001:0000e490       _ssSetOutputPortReusableFcn 000000018000f490 f   DisplayCANMsg_sfun_registry.obj
 0001:0000e570       _ssSetSymbolicDimsSupport  000000018000f570 f   DisplayCANMsg_sfun_registry.obj
 0001:0000e5e0       _ssRegisterSymbolicDimsExpr 000000018000f5e0 f   DisplayCANMsg_sfun_registry.obj
 0001:0000e660       _ssRegisterSymbolicDims    000000018000f660 f   DisplayCANMsg_sfun_registry.obj
 0001:0000e700       _ssRegisterSymbolicDimsString 000000018000f700 f   DisplayCANMsg_sfun_registry.obj
 0001:0000e780       _ssRegisterSymbolicDimsIntValue 000000018000f780 f   DisplayCANMsg_sfun_registry.obj
 0001:0000e7f0       _ssRegisterSymbolicDimsPlus 000000018000f7f0 f   DisplayCANMsg_sfun_registry.obj
 0001:0000e870       _ssRegisterSymbolicDimsMinus 000000018000f870 f   DisplayCANMsg_sfun_registry.obj
 0001:0000e8f0       _ssRegisterSymbolicDimsMultiply 000000018000f8f0 f   DisplayCANMsg_sfun_registry.obj
 0001:0000e970       _ssRegisterSymbolicDimsDivide 000000018000f970 f   DisplayCANMsg_sfun_registry.obj
 0001:0000e9f0       _ssGetNumSymbolicDims      000000018000f9f0 f   DisplayCANMsg_sfun_registry.obj
 0001:0000ea60       _ssGetSymbolicDim          000000018000fa60 f   DisplayCANMsg_sfun_registry.obj
 0001:0000eae0       _ssSetInputPortSymbolicDimsId 000000018000fae0 f   DisplayCANMsg_sfun_registry.obj
 0001:0000eb50       _ssGetCompInputPortSymbolicDimsId 000000018000fb50 f   DisplayCANMsg_sfun_registry.obj
 0001:0000ebc0       _ssSetCompInputPortSymbolicDimsId 000000018000fbc0 f   DisplayCANMsg_sfun_registry.obj
 0001:0000ec30       _ssSetOutputPortSymbolicDimsId 000000018000fc30 f   DisplayCANMsg_sfun_registry.obj
 0001:0000eca0       _ssGetCompOutputPortSymbolicDimsId 000000018000fca0 f   DisplayCANMsg_sfun_registry.obj
 0001:0000ed10       _ssSetCompOutputPortSymbolicDimsId 000000018000fd10 f   DisplayCANMsg_sfun_registry.obj
 0001:0000ed80       _ssSetCompDWorkSymbolicDimsId 000000018000fd80 f   DisplayCANMsg_sfun_registry.obj
 0001:0000edf0       ssGetIsZeroCrossControlDisabled 000000018000fdf0 f   DisplayCANMsg_sfun_registry.obj
 0001:0000ee60       ssSetIsInputPortUsedForContZcSignal 000000018000fe60 f   DisplayCANMsg_sfun_registry.obj
 0001:0000eed0       ssSetZcSignalIsZcElementDisc 000000018000fed0 f   DisplayCANMsg_sfun_registry.obj
 0001:0000ef80       ssSetZcSignalName          000000018000ff80 f   DisplayCANMsg_sfun_registry.obj
 0001:0000eff0       ssSetZcSignalWidth         000000018000fff0 f   DisplayCANMsg_sfun_registry.obj
 0001:0000f060       ssSetZcSignalZcEventType   0000000180010060 f   DisplayCANMsg_sfun_registry.obj
 0001:0000f0d0       ssSetZcSignalType          00000001800100d0 f   DisplayCANMsg_sfun_registry.obj
 0001:0000f140       ssSetZcSignalZcTol         0000000180010140 f   DisplayCANMsg_sfun_registry.obj
 0001:0000f1b0       ssSetZcSignalNeedsEventNotification 00000001800101b0 f   DisplayCANMsg_sfun_registry.obj
 0001:0000f220       ssCreateAndAddZcSignalInfo 0000000180010220 f   DisplayCANMsg_sfun_registry.obj
 0001:0000f290       ssCloneAndAddZcSignalInfo  0000000180010290 f   DisplayCANMsg_sfun_registry.obj
 0001:0000f300       ssGetNumZcSignals          0000000180010300 f   DisplayCANMsg_sfun_registry.obj
 0001:0000f370       ssGetZcSignalVector        0000000180010370 f   DisplayCANMsg_sfun_registry.obj
 0001:0000f3e0       ssGetZcSignalName          00000001800103e0 f   DisplayCANMsg_sfun_registry.obj
 0001:0000f450       ssGetZcSignalWidth         0000000180010450 f   DisplayCANMsg_sfun_registry.obj
 0001:0000f4c0       ssGetZcSignalZcEventType   00000001800104c0 f   DisplayCANMsg_sfun_registry.obj
 0001:0000f530       ssGetZcSignalZcEvents      0000000180010530 f   DisplayCANMsg_sfun_registry.obj
 0001:0000f5a0       ssGetZcSignalType          00000001800105a0 f   DisplayCANMsg_sfun_registry.obj
 0001:0000f610       ssGetZcSignalZcTol         0000000180010610 f   DisplayCANMsg_sfun_registry.obj
 0001:0000f690       ssGetZcSignalNeedsEventNotification 0000000180010690 f   DisplayCANMsg_sfun_registry.obj
 0001:0000f700       ssGetZcSignalIsZcElementDisc 0000000180010700 f   DisplayCANMsg_sfun_registry.obj
 0001:0000f7a0       ssGetIsInputPortElementContinuous 00000001800107a0 f   DisplayCANMsg_sfun_registry.obj
 0001:0000f840       ssGetDTypeIdFromMxArray    0000000180010840 f   DisplayCANMsg_sfun_registry.obj
 0001:0000f960       ssWriteRTWStr              0000000180010960 f   DisplayCANMsg_sfun_registry.obj
 0001:0000f9c0       ssWriteRTWNameValuePair    00000001800109c0 f   DisplayCANMsg_sfun_registry.obj
 0001:0000fec0       ssWriteRTWParamSettings    0000000180010ec0 f   DisplayCANMsg_sfun_registry.obj
 0001:000105b0       ssWriteRTWParameters       00000001800115b0 f   DisplayCANMsg_sfun_registry.obj
 0001:00010b80       ssWriteRTWWorkVect         0000000180011b80 f   DisplayCANMsg_sfun_registry.obj
 0001:00011070       ssWriteRTWMxVectParam      0000000180012070 f   DisplayCANMsg_sfun_registry.obj
 0001:000110f0       ssWriteRTWMx2dMatParam     00000001800120f0 f   DisplayCANMsg_sfun_registry.obj
 0001:00011180       _ssSetInputPortMatrixDimensions 0000000180012180 f   DisplayCANMsg_sfun_registry.obj
 0001:00011280       _ssSetOutputPortMatrixDimensions 0000000180012280 f   DisplayCANMsg_sfun_registry.obj
 0001:00011380       _ssSetInputPortVectorDimension 0000000180012380 f   DisplayCANMsg_sfun_registry.obj
 0001:00011430       _ssSetOutputPortVectorDimension 0000000180012430 f   DisplayCANMsg_sfun_registry.obj
 0001:000114e0       ssIsRunTimeParamTunable    00000001800124e0 f   DisplayCANMsg_sfun_registry.obj
 0001:00011550       ssGetSFuncBlockHandle      0000000180012550 f   DisplayCANMsg_sfun_registry.obj
 0001:000115c0       _ssGetCurrentInputPortWidth 00000001800125c0 f   DisplayCANMsg_sfun_registry.obj
 0001:000116e0       _ssGetCurrentOutputPortWidth 00000001800126e0 f   DisplayCANMsg_sfun_registry.obj
 0001:00011800       _ssGetCallSystemNumFcnCallDestinations 0000000180012800 f   DisplayCANMsg_sfun_registry.obj
 0001:00011870       ssWarning                  0000000180012870 f   DisplayCANMsg_sfun_registry.obj
 0001:00011960       _ssGetAbsTol               0000000180012960 f   DisplayCANMsg_sfun_registry.obj
 0001:000119d0       _ssSetStateAbsTol          00000001800129d0 f   DisplayCANMsg_sfun_registry.obj
 0001:00011ab0       sf_process_check_sum_call  0000000180012ab0 f   DisplayCANMsg_sfun_registry.obj
 0001:00011b00       sf_process_machine_uses_exported_functions_call 0000000180012b00 f   DisplayCANMsg_sfun_registry.obj
 0001:00011cb0       sf_process_autoinheritance_call 0000000180012cb0 f   DisplayCANMsg_sfun_registry.obj
 0001:00011ee0       sf_process_get_third_party_uses_info_call 0000000180012ee0 f   DisplayCANMsg_sfun_registry.obj
 0001:00012110       sf_process_get_jit_fallback_info_call 0000000180013110 f   DisplayCANMsg_sfun_registry.obj
 0001:00012340       sf_process_get_updateBuildInfo_args_info_call 0000000180013340 f   DisplayCANMsg_sfun_registry.obj
 0001:00012570       sf_process_get_eml_resolved_functions_info_call 0000000180013570 f   DisplayCANMsg_sfun_registry.obj
 0001:00012770       sf_process_get_post_codegen_info 0000000180013770 f   DisplayCANMsg_sfun_registry.obj
 0001:00012920       sf_mex_unlock_call         0000000180013920 f   DisplayCANMsg_sfun_registry.obj
 0001:00012c00       sf_machine_global_initializer_called 0000000180013c00 f   DisplayCANMsg_sfun_registry.obj
 0001:00012c30       sf_machine_global_method_dispatcher 0000000180013c30 f   DisplayCANMsg_sfun_registry.obj
 0001:00012c90       sf_machine_global_terminator 0000000180013c90 f   DisplayCANMsg_sfun_registry.obj
 0001:00012ce0       sf_register_machine_exported_symbols 0000000180013ce0 f   DisplayCANMsg_sfun_registry.obj
 0001:00012d00       callCustomFcn              0000000180013d00 f   DisplayCANMsg_sfun_registry.obj
 0001:00012d10       sf_machine_global_initializer 0000000180013d10 f   DisplayCANMsg_sfun_registry.obj
 0001:00012dd0       mdlGetSimState             0000000180013dd0 f   DisplayCANMsg_sfun_registry.obj
 0001:00012e10       mdlSetSimState             0000000180013e10 f   DisplayCANMsg_sfun_registry.obj
 0001:000136a0       ProcessMexSfunctionEveryCall 00000001800146a0 f   DisplayCANMsg_sfun_registry.obj
 0001:00014356       sf_load_rtw_optimization_info 0000000180015356 f   sf_runtime:sf_runtime.dll
 0001:0001435c       sf_debug_initialize_machine 000000018001535c f   sf_runtime:sf_runtime.dll
 0001:00014362       sf_debug_set_machine_event_thresholds 0000000180015362 f   sf_runtime:sf_runtime.dll
 0001:00014368       sf_debug_set_machine_data_thresholds 0000000180015368 f   sf_runtime:sf_runtime.dll
 0001:0001436e       sf_rtw_info_uint_prop      000000018001536e f   sf_runtime:sf_runtime.dll
 0001:00014374       sf_update_buildInfo        0000000180015374 f   sf_runtime:sf_runtime.dll
 0001:0001437a       sf_is_chart_inlinable      000000018001537a f   sf_runtime:sf_runtime.dll
 0001:00014380       sf_mark_chart_reusable_outputs 0000000180015380 f   sf_runtime:sf_runtime.dll
 0001:00014386       sf_mark_chart_expressionable_inputs 0000000180015386 f   sf_runtime:sf_runtime.dll
 0001:0001438c       sim_mode_is_rtw_gen        000000018001538c f   sf_runtime:sf_runtime.dll
 0001:00014392       sim_mode_is_external       0000000180015392 f   sf_runtime:sf_runtime.dll
 0001:00014398       sf_clear_rtw_identifier    0000000180015398 f   sf_runtime:sf_runtime.dll
 0001:0001439e       sf_set_rtw_dwork_info      000000018001539e f   sf_runtime:sf_runtime.dll
 0001:000143a4       sf_get_time                00000001800153a4 f   sf_runtime:sf_runtime.dll
 0001:000143aa       sf_is_first_init_cond      00000001800153aa f   sf_runtime:sf_runtime.dll
 0001:000143b0       sf_mex_error_message       00000001800153b0 f   sf_runtime:sf_runtime.dll
 0001:000143b6       sf_mex_create              00000001800153b6 f   sf_runtime:sf_runtime.dll
 0001:000143bc       sf_mex_createcellmatrix    00000001800153bc f   sf_runtime:sf_runtime.dll
 0001:000143c2       sf_mex_setcell             00000001800153c2 f   sf_runtime:sf_runtime.dll
 0001:000143c8       sf_mex_getcell             00000001800153c8 f   sf_runtime:sf_runtime.dll
 0001:000143ce       sf_mex_assign              00000001800153ce f   sf_runtime:sf_runtime.dll
 0001:000143d4       sf_mex_dup                 00000001800153d4 f   sf_runtime:sf_runtime.dll
 0001:000143da       sf_mex_destroy             00000001800153da f   sf_runtime:sf_runtime.dll
 0001:000143e0       sf_mex_import              00000001800153e0 f   sf_runtime:sf_runtime.dll
 0001:000143e6       sf_mex_decode_encoded_mx_struct_array 00000001800153e6 f   sf_runtime:sf_runtime.dll
 0001:000143ec       ssGetInputPortSignal_wrapper 00000001800153ec f   sf_runtime:sf_runtime.dll
 0001:000143f2       ssGetOutputPortSignal_wrapper 00000001800153f2 f   sf_runtime:sf_runtime.dll
 0001:000143f8       sf_runtime_overflow_check_is_on 00000001800153f8 f   sf_runtime:sf_runtime.dll
 0001:000143fe       sf_debug_initialize_chart  00000001800153fe f   sf_runtime:sf_runtime.dll
 0001:00014404       sf_debug_call              0000000180015404 f   sf_runtime:sf_runtime.dll
 0001:0001440a       eml_debug_line_call        000000018001540a f   sf_runtime:sf_runtime.dll
 0001:00014410       cv_eml_eval                0000000180015410 f   sf_runtime:sf_runtime.dll
 0001:00014416       cv_eml_init_script         0000000180015416 f   sf_runtime:sf_runtime.dll
 0001:0001441c       cv_eml_init_fcn            000000018001541c f   sf_runtime:sf_runtime.dll
 0001:00014422       sf_debug_reset_current_state_configuration 0000000180015422 f   sf_runtime:sf_runtime.dll
 0001:00014428       sf_debug_check_for_state_inconsistency 0000000180015428 f   sf_runtime:sf_runtime.dll
 0001:0001442e       sf_debug_set_chart_data_props 000000018001542e f   sf_runtime:sf_runtime.dll
 0001:00014434       sf_debug_set_chart_data_compiled_props 0000000180015434 f   sf_runtime:sf_runtime.dll
 0001:0001443a       sf_debug_symbol_scope_push 000000018001543a f   sf_runtime:sf_runtime.dll
 0001:00014440       sf_debug_symbol_scope_push_eml 0000000180015440 f   sf_runtime:sf_runtime.dll
 0001:00014446       sf_debug_symbol_scope_pop  0000000180015446 f   sf_runtime:sf_runtime.dll
 0001:0001444c       sf_debug_symbol_scope_add_eml 000000018001544c f   sf_runtime:sf_runtime.dll
 0001:00014452       sf_debug_symbol_scope_add_eml_importable 0000000180015452 f   sf_runtime:sf_runtime.dll
 0001:00014458       sf_debug_set_instance_data_value_ptr 0000000180015458 f   sf_runtime:sf_runtime.dll
 0001:0001445e       sf_debug_set_chart_disable_implicit_casting 000000018001545e f   sf_runtime:sf_runtime.dll
 0001:00014464       sf_debug_set_chart_event_thresholds 0000000180015464 f   sf_runtime:sf_runtime.dll
 0001:0001446a       sf_debug_set_chart_state_info 000000018001546a f   sf_runtime:sf_runtime.dll
 0001:00014470       sf_debug_set_chart_decomposition 0000000180015470 f   sf_runtime:sf_runtime.dll
 0001:00014476       sf_debug_set_chart_substate_count 0000000180015476 f   sf_runtime:sf_runtime.dll
 0001:0001447c       sf_debug_data_range_wrapper 000000018001547c f   sf_runtime:sf_runtime.dll
 0001:00014482       sf_debug_cv_init_trans     0000000180015482 f   sf_runtime:sf_runtime.dll
 0001:00014488       sf_debug_cv_init_chart     0000000180015488 f   sf_runtime:sf_runtime.dll
 0001:0001448e       sf_debug_cv_init_state     000000018001548e f   sf_runtime:sf_runtime.dll
 0001:00014494       callMdlMethodAndReportError 0000000180015494 f   sf_runtime:sf_runtime.dll
 0001:0001449a       call_sf_machine_global_method_dispatcher 000000018001549a f   sf_runtime:sf_runtime.dll
 0001:000144a0       sf_mex_error_direct_call   00000001800154a0 f   sf_runtime:sf_runtime.dll
 0001:000144a6       sf_clear_error_manager_info 00000001800154a6 f   sf_runtime:sf_runtime.dll
 0001:000144ac       sf_debug_create_debug_instance_struct 00000001800154ac f   sf_runtime:sf_runtime.dll
 0001:000144b2       sf_debug_terminate         00000001800154b2 f   sf_runtime:sf_runtime.dll
 0001:000144b8       sf_debug_api               00000001800154b8 f   sf_runtime:sf_runtime.dll
 0001:000144be       mxIsChar                   00000001800154be f   libmx:libmx.dll
 0001:000144c4       mxGetPr                    00000001800154c4 f   libmx:libmx.dll
 0001:000144ca       mxGetScalar                00000001800154ca f   libmx:libmx.dll
 0001:000144d0       mxDestroyArray             00000001800154d0 f   libmx:libmx.dll
 0001:000144d6       mxCreateDoubleMatrix_730   00000001800154d6 f   libmx:libmx.dll
 0001:000144dc       mxCreateLogicalScalar      00000001800154dc f   libmx:libmx.dll
 0001:000144e2       mxGetString_730            00000001800154e2 f   libmx:libmx.dll
 0001:000144e8       mxDuplicateArray           00000001800154e8 f   libmx:libmx.dll
 0001:000144ee       mxSetField_730             00000001800154ee f   libmx:libmx.dll
 0001:000144f4       mxCreateDoubleScalar       00000001800154f4 f   libmx:libmx.dll
 0001:000144fa       mxCreateString             00000001800154fa f   libmx:libmx.dll
 0001:00014500       mxCreateCellMatrix_730     0000000180015500 f   libmx:libmx.dll
 0001:00014506       mxCreateCellArray_730      0000000180015506 f   libmx:libmx.dll
 0001:0001450c       mxCreateStructMatrix_730   000000018001550c f   libmx:libmx.dll
 0001:00014512       mxCreateStructArray_730    0000000180015512 f   libmx:libmx.dll
 0001:00014518       mxCalloc                   0000000180015518 f   libmx:libmx.dll
 0001:0001451e       mxGetM                     000000018001551e f   libmx:libmx.dll
 0001:00014524       mxGetClassID               0000000180015524 f   libmx:libmx.dll
 0001:0001452a       mxIsNumeric                000000018001552a f   libmx:libmx.dll
 0001:00014530       mxIsComplex                0000000180015530 f   libmx:libmx.dll
 0001:00014536       mxGetN                     0000000180015536 f   libmx:libmx.dll
 0001:0001453c       mexMakeArrayPersistent     000000018001553c f   libmex:libmex.dll
 0001:00014542       mexErrMsgTxt               0000000180015542 f   libmex:libmex.dll
 0001:00014548       mexWarnMsgTxt              0000000180015548 f   libmex:libmex.dll
 0001:0001454e       mexCallMATLABWithObject    000000018001554e f   libmex:libmex.dll
 0001:00014554       mexLock                    0000000180015554 f   libmex:libmex.dll
 0001:0001455a       mexUnlock                  000000018001555a f   libmex:libmex.dll
 0001:00014560       mexIsLocked                0000000180015560 f   libmex:libmex.dll
 0001:00014566       utMalloc                   0000000180015566 f   libut:libut.dll
 0001:0001456c       utFree                     000000018001556c f   libut:libut.dll
 0001:00014574       __raise_securityfailure    0000000180015574 f   MSVCRT:gs_report.obj
 0001:000145c0       __report_gsfailure         00000001800155c0 f   MSVCRT:gs_report.obj
 0001:00014694       __report_rangecheckfailure 0000000180015694 f   MSVCRT:gs_report.obj
 0001:000146a8       __report_securityfailure   00000001800156a8 f   MSVCRT:gs_report.obj
 0001:00014744       __report_securityfailureEx 0000000180015744 f   MSVCRT:gs_report.obj
 0001:00014852       strcmp                     0000000180015852 f   MSVCRT:MSVCR120.dll
 0001:00014858       __GSHandlerCheck           0000000180015858 f   MSVCRT:gshandler.obj
 0001:00014878       __GSHandlerCheckCommon     0000000180015878 f   MSVCRT:gshandler.obj
 0001:000148f0       __security_check_cookie    00000001800158f0 f   MSVCRT:amdsecgs.obj
 0001:00014910       memcpy                     0000000180015910 f   MSVCRT:MSVCR120.dll
 0001:00014916       memset                     0000000180015916 f   MSVCRT:MSVCR120.dll
 0001:0001491c       strcat                     000000018001591c f   MSVCRT:MSVCR120.dll
 0001:00014922       strlen                     0000000180015922 f   MSVCRT:MSVCR120.dll
 0001:00014928       sprintf                    0000000180015928 f   MSVCRT:MSVCR120.dll
 0001:0001492e       free                       000000018001592e f   MSVCRT:MSVCR120.dll
 0001:00014934       malloc                     0000000180015934 f   MSVCRT:MSVCR120.dll
 0001:0001499c       NtCurrentTeb               000000018001599c f i MSVCRT:crtdll.obj
 0001:000149a8       _CRT_INIT                  00000001800159a8 f   MSVCRT:crtdll.obj
 0001:00014bf4       _DllMainCRTStartup         0000000180015bf4 f   MSVCRT:crtdll.obj
 0001:00014d6a       __crt_debugger_hook        0000000180015d6a f   MSVCRT:MSVCR120.dll
 0001:00014d70       __crtUnhandledException    0000000180015d70 f   MSVCRT:MSVCR120.dll
 0001:00014d76       __crtTerminateProcess      0000000180015d76 f   MSVCRT:MSVCR120.dll
 0001:00014d7c       __crtCaptureCurrentContext 0000000180015d7c f   MSVCRT:MSVCR120.dll
 0001:00014d82       __crtCapturePreviousContext 0000000180015d82 f   MSVCRT:MSVCR120.dll
 0001:00014d88       __CppXcptFilter            0000000180015d88 f   MSVCRT:MSVCR120.dll
 0001:00014d8e       _amsg_exit                 0000000180015d8e f   MSVCRT:MSVCR120.dll
 0001:00014da0       _FindPESection             0000000180015da0 f   MSVCRT:pesect.obj
 0001:00014df0       _IsNonwritableInCurrentImage 0000000180015df0 f   MSVCRT:pesect.obj
 0001:00014e40       _ValidateImageBase         0000000180015e40 f   MSVCRT:pesect.obj
 0001:00014e70       __atonexitinit             0000000180015e70 f   MSVCRT:atonexit.obj
 0001:00014ec0       _onexit                    0000000180015ec0 f   MSVCRT:atonexit.obj
 0001:00014f70       atexit                     0000000180015f70 f   MSVCRT:atonexit.obj
 0001:00014f88       __security_init_cookie     0000000180015f88 f   MSVCRT:gs_support.obj
 0001:00015034       DllMain                    0000000180016034 f   MSVCRT:dllmain.obj
 0001:00015058       _malloc_crt                0000000180016058 f   MSVCRT:MSVCR120.dll
 0001:00015060       _RTC_Initialize            0000000180016060 f   MSVCRT:initsect.obj
 0001:00015098       _RTC_Terminate             0000000180016098 f   MSVCRT:initsect.obj
 0001:000150d0       _initterm                  00000001800160d0 f   MSVCRT:MSVCR120.dll
 0001:000150d6       _initterm_e                00000001800160d6 f   MSVCRT:MSVCR120.dll
 0001:000150dc       __clean_type_info_names    00000001800160dc f   MSVCRT:tncleanup.obj
 0001:000150e8       __C_specific_handler       00000001800160e8 f   MSVCRT:MSVCR120.dll
 0001:000150ee       _lock                      00000001800160ee f   MSVCRT:MSVCR120.dll
 0001:000150f4       _unlock                    00000001800160f4 f   MSVCRT:MSVCR120.dll
 0001:000150fa       _calloc_crt                00000001800160fa f   MSVCRT:MSVCR120.dll
 0001:00015100       __dllonexit                0000000180016100 f   MSVCRT:MSVCR120.dll
 0001:00015106       __clean_type_info_names_internal 0000000180016106 f   MSVCRT:MSVCR120.dll
 0001:0001510c       IsDebuggerPresent          000000018001610c f   kernel32:KERNEL32.dll
 0001:00015112       IsProcessorFeaturePresent  0000000180016112 f   kernel32:KERNEL32.dll
 0001:00015118       EncodePointer              0000000180016118 f   kernel32:KERNEL32.dll
 0001:0001511e       DecodePointer              000000018001611e f   kernel32:KERNEL32.dll
 0001:00015124       QueryPerformanceCounter    0000000180016124 f   kernel32:KERNEL32.dll
 0001:0001512a       GetCurrentProcessId        000000018001612a f   kernel32:KERNEL32.dll
 0001:00015130       GetCurrentThreadId         0000000180016130 f   kernel32:KERNEL32.dll
 0001:00015136       GetSystemTimeAsFileTime    0000000180016136 f   kernel32:KERNEL32.dll
 0001:0001513c       DisableThreadLibraryCalls  000000018001613c f   kernel32:KERNEL32.dll
 0002:00000000       __imp_DisableThreadLibraryCalls 0000000180017000     kernel32:KERNEL32.dll
 0002:00000008       __imp_GetSystemTimeAsFileTime 0000000180017008     kernel32:KERNEL32.dll
 0002:00000010       __imp_GetCurrentThreadId   0000000180017010     kernel32:KERNEL32.dll
 0002:00000018       __imp_GetCurrentProcessId  0000000180017018     kernel32:KERNEL32.dll
 0002:00000020       __imp_QueryPerformanceCounter 0000000180017020     kernel32:KERNEL32.dll
 0002:00000028       __imp_DecodePointer        0000000180017028     kernel32:KERNEL32.dll
 0002:00000030       __imp_EncodePointer        0000000180017030     kernel32:KERNEL32.dll
 0002:00000038       __imp_IsProcessorFeaturePresent 0000000180017038     kernel32:KERNEL32.dll
 0002:00000040       __imp_IsDebuggerPresent    0000000180017040     kernel32:KERNEL32.dll
 0002:00000048       \177KERNEL32_NULL_THUNK_DATA 0000000180017048     kernel32:KERNEL32.dll
 0002:00000050       __imp___clean_type_info_names_internal 0000000180017050     MSVCRT:MSVCR120.dll
 0002:00000058       __imp__onexit              0000000180017058     MSVCRT:MSVCR120.dll
 0002:00000060       __imp___dllonexit          0000000180017060     MSVCRT:MSVCR120.dll
 0002:00000068       __imp__calloc_crt          0000000180017068     MSVCRT:MSVCR120.dll
 0002:00000070       __imp__unlock              0000000180017070     MSVCRT:MSVCR120.dll
 0002:00000078       __imp__lock                0000000180017078     MSVCRT:MSVCR120.dll
 0002:00000080       __imp___C_specific_handler 0000000180017080     MSVCRT:MSVCR120.dll
 0002:00000088       __imp__initterm_e          0000000180017088     MSVCRT:MSVCR120.dll
 0002:00000090       __imp__initterm            0000000180017090     MSVCRT:MSVCR120.dll
 0002:00000098       __imp__malloc_crt          0000000180017098     MSVCRT:MSVCR120.dll
 0002:000000a0       __imp__amsg_exit           00000001800170a0     MSVCRT:MSVCR120.dll
 0002:000000a8       __imp___CppXcptFilter      00000001800170a8     MSVCRT:MSVCR120.dll
 0002:000000b0       __imp___crtCapturePreviousContext 00000001800170b0     MSVCRT:MSVCR120.dll
 0002:000000b8       __imp___crtCaptureCurrentContext 00000001800170b8     MSVCRT:MSVCR120.dll
 0002:000000c0       __imp___crtTerminateProcess 00000001800170c0     MSVCRT:MSVCR120.dll
 0002:000000c8       __imp___crtUnhandledException 00000001800170c8     MSVCRT:MSVCR120.dll
 0002:000000d0       __imp___crt_debugger_hook  00000001800170d0     MSVCRT:MSVCR120.dll
 0002:000000d8       __imp_malloc               00000001800170d8     MSVCRT:MSVCR120.dll
 0002:000000e0       __imp_free                 00000001800170e0     MSVCRT:MSVCR120.dll
 0002:000000e8       __imp_sprintf              00000001800170e8     MSVCRT:MSVCR120.dll
 0002:000000f0       __imp_strlen               00000001800170f0     MSVCRT:MSVCR120.dll
 0002:000000f8       __imp_strcat               00000001800170f8     MSVCRT:MSVCR120.dll
 0002:00000100       __imp_memset               0000000180017100     MSVCRT:MSVCR120.dll
 0002:00000108       __imp_memcpy               0000000180017108     MSVCRT:MSVCR120.dll
 0002:00000110       __imp_strcmp               0000000180017110     MSVCRT:MSVCR120.dll
 0002:00000118       \177MSVCR120_NULL_THUNK_DATA 0000000180017118     MSVCRT:MSVCR120.dll
 0002:00000120       __imp_mexIsLocked          0000000180017120     libmex:libmex.dll
 0002:00000128       __imp_mexUnlock            0000000180017128     libmex:libmex.dll
 0002:00000130       __imp_mexLock              0000000180017130     libmex:libmex.dll
 0002:00000138       __imp_mexCallMATLABWithObject 0000000180017138     libmex:libmex.dll
 0002:00000140       __imp_mexWarnMsgTxt        0000000180017140     libmex:libmex.dll
 0002:00000148       __imp_mexErrMsgTxt         0000000180017148     libmex:libmex.dll
 0002:00000150       __imp_mexMakeArrayPersistent 0000000180017150     libmex:libmex.dll
 0002:00000158       \177libmex_NULL_THUNK_DATA 0000000180017158     libmex:libmex.dll
 0002:00000160       __imp_mxGetN               0000000180017160     libmx:libmx.dll
 0002:00000168       __imp_mxIsComplex          0000000180017168     libmx:libmx.dll
 0002:00000170       __imp_mxIsNumeric          0000000180017170     libmx:libmx.dll
 0002:00000178       __imp_mxGetClassID         0000000180017178     libmx:libmx.dll
 0002:00000180       __imp_mxGetM               0000000180017180     libmx:libmx.dll
 0002:00000188       __imp_mxCalloc             0000000180017188     libmx:libmx.dll
 0002:00000190       __imp_mxCreateStructArray_730 0000000180017190     libmx:libmx.dll
 0002:00000198       __imp_mxCreateStructMatrix_730 0000000180017198     libmx:libmx.dll
 0002:000001a0       __imp_mxCreateCellArray_730 00000001800171a0     libmx:libmx.dll
 0002:000001a8       __imp_mxCreateCellMatrix_730 00000001800171a8     libmx:libmx.dll
 0002:000001b0       __imp_mxCreateString       00000001800171b0     libmx:libmx.dll
 0002:000001b8       __imp_mxCreateDoubleScalar 00000001800171b8     libmx:libmx.dll
 0002:000001c0       __imp_mxSetField_730       00000001800171c0     libmx:libmx.dll
 0002:000001c8       __imp_mxDuplicateArray     00000001800171c8     libmx:libmx.dll
 0002:000001d0       __imp_mxGetString_730      00000001800171d0     libmx:libmx.dll
 0002:000001d8       __imp_mxCreateLogicalScalar 00000001800171d8     libmx:libmx.dll
 0002:000001e0       __imp_mxIsChar             00000001800171e0     libmx:libmx.dll
 0002:000001e8       __imp_mxGetPr              00000001800171e8     libmx:libmx.dll
 0002:000001f0       __imp_mxGetScalar          00000001800171f0     libmx:libmx.dll
 0002:000001f8       __imp_mxDestroyArray       00000001800171f8     libmx:libmx.dll
 0002:00000200       __imp_mxCreateDoubleMatrix_730 0000000180017200     libmx:libmx.dll
 0002:00000208       \177libmx_NULL_THUNK_DATA  0000000180017208     libmx:libmx.dll
 0002:00000210       __imp_utMalloc             0000000180017210     libut:libut.dll
 0002:00000218       __imp_utFree               0000000180017218     libut:libut.dll
 0002:00000220       \177libut_NULL_THUNK_DATA  0000000180017220     libut:libut.dll
 0002:00000228       __imp_sf_debug_create_debug_instance_struct 0000000180017228     sf_runtime:sf_runtime.dll
 0002:00000230       __imp_sf_clear_error_manager_info 0000000180017230     sf_runtime:sf_runtime.dll
 0002:00000238       __imp_sf_mex_error_direct_call 0000000180017238     sf_runtime:sf_runtime.dll
 0002:00000240       __imp_call_sf_machine_global_method_dispatcher 0000000180017240     sf_runtime:sf_runtime.dll
 0002:00000248       __imp_callMdlMethodAndReportError 0000000180017248     sf_runtime:sf_runtime.dll
 0002:00000250       __imp_sf_debug_cv_init_state 0000000180017250     sf_runtime:sf_runtime.dll
 0002:00000258       __imp_sf_debug_cv_init_chart 0000000180017258     sf_runtime:sf_runtime.dll
 0002:00000260       __imp_sf_debug_cv_init_trans 0000000180017260     sf_runtime:sf_runtime.dll
 0002:00000268       __imp_sf_debug_data_range_wrapper 0000000180017268     sf_runtime:sf_runtime.dll
 0002:00000270       __imp_sf_debug_set_chart_substate_count 0000000180017270     sf_runtime:sf_runtime.dll
 0002:00000278       __imp_sf_debug_terminate   0000000180017278     sf_runtime:sf_runtime.dll
 0002:00000280       __imp_sf_debug_set_chart_state_info 0000000180017280     sf_runtime:sf_runtime.dll
 0002:00000288       __imp_sf_debug_set_chart_event_thresholds 0000000180017288     sf_runtime:sf_runtime.dll
 0002:00000290       __imp_sf_debug_set_chart_disable_implicit_casting 0000000180017290     sf_runtime:sf_runtime.dll
 0002:00000298       __imp_sf_debug_set_instance_data_value_ptr 0000000180017298     sf_runtime:sf_runtime.dll
 0002:000002a0       __imp_sf_debug_symbol_scope_add_eml_importable 00000001800172a0     sf_runtime:sf_runtime.dll
 0002:000002a8       __imp_sf_debug_symbol_scope_add_eml 00000001800172a8     sf_runtime:sf_runtime.dll
 0002:000002b0       __imp_sf_debug_symbol_scope_pop 00000001800172b0     sf_runtime:sf_runtime.dll
 0002:000002b8       __imp_sf_debug_symbol_scope_push_eml 00000001800172b8     sf_runtime:sf_runtime.dll
 0002:000002c0       __imp_sf_debug_symbol_scope_push 00000001800172c0     sf_runtime:sf_runtime.dll
 0002:000002c8       __imp_sf_debug_set_chart_data_compiled_props 00000001800172c8     sf_runtime:sf_runtime.dll
 0002:000002d0       __imp_sf_debug_set_chart_data_props 00000001800172d0     sf_runtime:sf_runtime.dll
 0002:000002d8       __imp_sf_debug_api         00000001800172d8     sf_runtime:sf_runtime.dll
 0002:000002e0       __imp_sf_debug_set_chart_decomposition 00000001800172e0     sf_runtime:sf_runtime.dll
 0002:000002e8       __imp_sf_debug_check_for_state_inconsistency 00000001800172e8     sf_runtime:sf_runtime.dll
 0002:000002f0       __imp_sf_debug_reset_current_state_configuration 00000001800172f0     sf_runtime:sf_runtime.dll
 0002:000002f8       __imp_cv_eml_init_fcn      00000001800172f8     sf_runtime:sf_runtime.dll
 0002:00000300       __imp_cv_eml_init_script   0000000180017300     sf_runtime:sf_runtime.dll
 0002:00000308       __imp_cv_eml_eval          0000000180017308     sf_runtime:sf_runtime.dll
 0002:00000310       __imp_eml_debug_line_call  0000000180017310     sf_runtime:sf_runtime.dll
 0002:00000318       __imp_sf_debug_call        0000000180017318     sf_runtime:sf_runtime.dll
 0002:00000320       __imp_sf_debug_initialize_chart 0000000180017320     sf_runtime:sf_runtime.dll
 0002:00000328       __imp_sf_runtime_overflow_check_is_on 0000000180017328     sf_runtime:sf_runtime.dll
 0002:00000330       __imp_ssGetOutputPortSignal_wrapper 0000000180017330     sf_runtime:sf_runtime.dll
 0002:00000338       __imp_ssGetInputPortSignal_wrapper 0000000180017338     sf_runtime:sf_runtime.dll
 0002:00000340       __imp_sf_mex_decode_encoded_mx_struct_array 0000000180017340     sf_runtime:sf_runtime.dll
 0002:00000348       __imp_sf_mex_import        0000000180017348     sf_runtime:sf_runtime.dll
 0002:00000350       __imp_sf_mex_destroy       0000000180017350     sf_runtime:sf_runtime.dll
 0002:00000358       __imp_sf_mex_dup           0000000180017358     sf_runtime:sf_runtime.dll
 0002:00000360       __imp_sf_mex_assign        0000000180017360     sf_runtime:sf_runtime.dll
 0002:00000368       __imp_sf_mex_getcell       0000000180017368     sf_runtime:sf_runtime.dll
 0002:00000370       __imp_sf_mex_setcell       0000000180017370     sf_runtime:sf_runtime.dll
 0002:00000378       __imp_sf_mex_createcellmatrix 0000000180017378     sf_runtime:sf_runtime.dll
 0002:00000380       __imp_sf_mex_create        0000000180017380     sf_runtime:sf_runtime.dll
 0002:00000388       __imp_sf_mex_error_message 0000000180017388     sf_runtime:sf_runtime.dll
 0002:00000390       __imp_sf_is_first_init_cond 0000000180017390     sf_runtime:sf_runtime.dll
 0002:00000398       __imp_sf_get_time          0000000180017398     sf_runtime:sf_runtime.dll
 0002:000003a0       __imp_sf_set_rtw_dwork_info 00000001800173a0     sf_runtime:sf_runtime.dll
 0002:000003a8       __imp_sf_clear_rtw_identifier 00000001800173a8     sf_runtime:sf_runtime.dll
 0002:000003b0       __imp_sim_mode_is_external 00000001800173b0     sf_runtime:sf_runtime.dll
 0002:000003b8       __imp_sim_mode_is_rtw_gen  00000001800173b8     sf_runtime:sf_runtime.dll
 0002:000003c0       __imp_sf_mark_chart_expressionable_inputs 00000001800173c0     sf_runtime:sf_runtime.dll
 0002:000003c8       __imp_sf_mark_chart_reusable_outputs 00000001800173c8     sf_runtime:sf_runtime.dll
 0002:000003d0       __imp_sf_is_chart_inlinable 00000001800173d0     sf_runtime:sf_runtime.dll
 0002:000003d8       __imp_sf_update_buildInfo  00000001800173d8     sf_runtime:sf_runtime.dll
 0002:000003e0       __imp_sf_rtw_info_uint_prop 00000001800173e0     sf_runtime:sf_runtime.dll
 0002:000003e8       __imp_sf_debug_set_machine_data_thresholds 00000001800173e8     sf_runtime:sf_runtime.dll
 0002:000003f0       __imp_sf_debug_set_machine_event_thresholds 00000001800173f0     sf_runtime:sf_runtime.dll
 0002:000003f8       __imp_sf_debug_initialize_machine 00000001800173f8     sf_runtime:sf_runtime.dll
 0002:00000400       __imp_sf_load_rtw_optimization_info 0000000180017400     sf_runtime:sf_runtime.dll
 0002:00000408       \177sf_runtime_NULL_THUNK_DATA 0000000180017408     sf_runtime:sf_runtime.dll
 0002:00000410       __xc_a                     0000000180017410     MSVCRT:cinitexe.obj
 0002:00000418       __xc_z                     0000000180017418     MSVCRT:cinitexe.obj
 0002:00000420       __xi_a                     0000000180017420     MSVCRT:cinitexe.obj
 0002:00000438       __xi_z                     0000000180017438     MSVCRT:cinitexe.obj
 0002:00000440       __real@41b48881c0000000    0000000180017440     DisplayCANMsg_sfun.obj
 0002:00000448       __real@41b77c89ce000000    0000000180017448     DisplayCANMsg_sfun.obj
 0002:00000450       __real@41c43b0737000000    0000000180017450     DisplayCANMsg_sfun.obj
 0002:00000458       __real@41dd5eb09ac00000    0000000180017458     DisplayCANMsg_sfun.obj
 0002:00000460       __real@41e2092e2f800000    0000000180017460     DisplayCANMsg_sfun.obj
 0002:00000468       __real@41e439a0c9c00000    0000000180017468     DisplayCANMsg_sfun.obj
 0002:00000470       __real@41e4d243e5e00000    0000000180017470     DisplayCANMsg_sfun.obj
 0002:00000478       __real@41e8583dfc000000    0000000180017478     DisplayCANMsg_sfun.obj
 0002:00000480       __real@41e8a9e9f3e00000    0000000180017480     DisplayCANMsg_sfun.obj
 0002:00000488       __real@41e8cffe7aa00000    0000000180017488     DisplayCANMsg_sfun.obj
 0002:00000490       __real@41e9192528800000    0000000180017490     DisplayCANMsg_sfun.obj
 0002:00000498       __real@41ed27f80a000000    0000000180017498     DisplayCANMsg_sfun.obj
 0002:000004a0       __real@3ff0000000000000    00000001800174a0     c1_DisplayCANMsg.obj
 0002:000004a8       __real@4000000000000000    00000001800174a8     c1_DisplayCANMsg.obj
 0002:000004b0       __real@4008000000000000    00000001800174b0     c1_DisplayCANMsg.obj
 0002:000004b8       __real@4018000000000000    00000001800174b8     c1_DisplayCANMsg.obj
 0002:000004c0       __real@41c8b20ce5800000    00000001800174c0     c1_DisplayCANMsg.obj
 0002:000004c8       __real@41e3f0cb83200000    00000001800174c8     c1_DisplayCANMsg.obj
 0002:000004d0       __real@41ea58ab02e00000    00000001800174d0     c1_DisplayCANMsg.obj
 0002:000004d8       __real@41ed68470b000000    00000001800174d8     c1_DisplayCANMsg.obj
 0002:000004e0       _ssBadLevel2InputAccessMsg 00000001800174e0     DisplayCANMsg_sfun_registry.obj
 0002:00000670       _ssBadLevel2DirectFeedMsg  0000000180017670     DisplayCANMsg_sfun_registry.obj
 0002:000007b0       _ssBadLevel2DirectFeedSolutionMsg 00000001800177b0     DisplayCANMsg_sfun_registry.obj
 0002:00000820       _ssBadLevel2ZeroDirectFeedMsg 0000000180017820     DisplayCANMsg_sfun_registry.obj
 0002:00000960       _ssBadLevel2ZeroDirectFeedMsg2 0000000180017960     DisplayCANMsg_sfun_registry.obj
 0002:00000a48       DYNAMIC_DIMENSION_DEF      0000000180017a48     DisplayCANMsg_sfun_registry.obj
 0002:00000a60       __real@0000000000000000    0000000180017a60     DisplayCANMsg_sfun_registry.obj
 0002:00000a68       __real@41602cbca0000000    0000000180017a68     DisplayCANMsg_sfun_registry.obj
 0002:00000a70       __real@bff0000000000000    0000000180017a70     DisplayCANMsg_sfun_registry.obj
 0002:00000a88       _pRawDllMain               0000000180017a88     MSVCRT:crtdll.obj
 0002:00000a88       _pDefaultRawDllMain        0000000180017a88     MSVCRT:crtdll.obj
 0002:00000a90       ?ProcessDetach@NativeDll@<CrtImplementationDetails>@@0IB 0000000180017a90     MSVCRT:initsect.obj
 0002:00000a94       ?ProcessAttach@NativeDll@<CrtImplementationDetails>@@0IB 0000000180017a94     MSVCRT:initsect.obj
 0002:00000a98       ?ThreadAttach@NativeDll@<CrtImplementationDetails>@@0IB 0000000180017a98     MSVCRT:initsect.obj
 0002:00000a9c       ?ThreadDetach@NativeDll@<CrtImplementationDetails>@@0IB 0000000180017a9c     MSVCRT:initsect.obj
 0002:00000aa0       ?ProcessVerifier@NativeDll@<CrtImplementationDetails>@@0IB 0000000180017aa0     MSVCRT:initsect.obj
 0002:00000aa4       ?value@?$integral_constant@_N$0A@@std@@2_NB 0000000180017aa4     MSVCRT:tncleanup.obj
 0002:00000aa5       ?value@?$integral_constant@_N$00@std@@2_NB 0000000180017aa5     MSVCRT:tncleanup.obj
 0002:00000ab0       _load_config_used          0000000180017ab0     MSVCRT:loadcfg.obj
 0002:00000b20       __rtc_iaa                  0000000180017b20     MSVCRT:initsect.obj
 0002:00000b28       __rtc_izz                  0000000180017b28     MSVCRT:initsect.obj
 0002:00000b30       __rtc_taa                  0000000180017b30     MSVCRT:initsect.obj
 0002:00000b38       __rtc_tzz                  0000000180017b38     MSVCRT:initsect.obj
 0002:00001708       __IMPORT_DESCRIPTOR_sf_runtime 0000000180018708     sf_runtime:sf_runtime.dll
 0002:0000171c       __IMPORT_DESCRIPTOR_libmx  000000018001871c     libmx:libmx.dll
 0002:00001730       __IMPORT_DESCRIPTOR_libmex 0000000180018730     libmex:libmex.dll
 0002:00001744       __IMPORT_DESCRIPTOR_libut  0000000180018744     libut:libut.dll
 0002:00001758       __IMPORT_DESCRIPTOR_MSVCR120 0000000180018758     MSVCRT:MSVCR120.dll
 0002:0000176c       __IMPORT_DESCRIPTOR_KERNEL32 000000018001876c     kernel32:KERNEL32.dll
 0002:00001780       __NULL_IMPORT_DESCRIPTOR   0000000180018780     sf_runtime:sf_runtime.dll
 0003:000029e0       DYNAMIC_DIMENSION          000000018001c9e0     DisplayCANMsg_sfun_registry.obj
 0003:00002e90       __security_cookie          000000018001ce90     MSVCRT:gs_cookie.obj
 0003:00002e98       __security_cookie_complement 000000018001ce98     MSVCRT:gs_cookie.obj
 0003:00002ea0       _fltused                   000000018001cea0     MSVCRT:dllsupp.obj
 0003:00002ea4       __native_dllmain_reason    000000018001cea4     MSVCRT:natstart.obj
 0003:00002f00       sfGlobalDebugInstanceStruct 000000018001cf00     DisplayCANMsg_sfun_registry.obj
 0003:00003558       ?__type_info_root_node@@3U__type_info_node@@A 000000018001d558     MSVCRT:tncleanup.obj
 0003:00003568       _DisplayCANMsgMachineNumber_ 000000018001d568     <common>
 0003:00003570       __native_startup_lock      000000018001d570     <common>
 0003:00003578       __native_startup_state     000000018001d578     <common>
 0003:00003580       __onexitend                000000018001d580     <common>
 0003:00003588       __onexitbegin              000000018001d588     <common>
 0003:00003590       __dyn_tls_init_callback    000000018001d590     <common>

 entry point at        0001:00014bf4

 Static symbols

 0000:00000000       .debug$S                   0000000180000000     sf_runtime:sf_runtime.dll
 0000:00000000       .debug$S                   0000000180000000     sf_runtime:sf_runtime.dll
 0000:00000000       .debug$S                   0000000180000000     sf_runtime:sf_runtime.dll
 0000:00000000       .debug$S                   0000000180000000     sf_runtime:sf_runtime.dll
 0000:00000000       .debug$S                   0000000180000000     sf_runtime:sf_runtime.dll
 0000:00000000       .debug$S                   0000000180000000     sf_runtime:sf_runtime.dll
 0000:00000000       .debug$S                   0000000180000000     kernel32:KERNEL32.dll
 0000:00000000       .debug$S                   0000000180000000     kernel32:KERNEL32.dll
 0000:00000000       .debug$S                   0000000180000000     kernel32:KERNEL32.dll
 0000:00000000       .debug$S                   0000000180000000     kernel32:KERNEL32.dll
 0000:00000000       .debug$S                   0000000180000000     kernel32:KERNEL32.dll
 0000:00000000       .debug$S                   0000000180000000     kernel32:KERNEL32.dll
 0000:00000000       .debug$S                   0000000180000000     kernel32:KERNEL32.dll
 0000:00000000       .debug$S                   0000000180000000     kernel32:KERNEL32.dll
 0000:00000000       .debug$S                   0000000180000000     kernel32:KERNEL32.dll
 0000:00000000       .debug$S                   0000000180000000     MSVCRT:MSVCR120.dll
 0000:00000000       .debug$S                   0000000180000000     MSVCRT:MSVCR120.dll
 0000:00000000       .debug$S                   0000000180000000     MSVCRT:MSVCR120.dll
 0000:00000000       .debug$S                   0000000180000000     MSVCRT:MSVCR120.dll
 0000:00000000       .debug$S                   0000000180000000     MSVCRT:MSVCR120.dll
 0000:00000000       .debug$S                   0000000180000000     MSVCRT:MSVCR120.dll
 0000:00000000       .debug$S                   0000000180000000     MSVCRT:MSVCR120.dll
 0000:00000000       .debug$S                   0000000180000000     MSVCRT:MSVCR120.dll
 0000:00000000       .debug$S                   0000000180000000     MSVCRT:MSVCR120.dll
 0000:00000000       .debug$S                   0000000180000000     MSVCRT:MSVCR120.dll
 0000:00000000       .debug$S                   0000000180000000     MSVCRT:MSVCR120.dll
 0000:00000000       .debug$S                   0000000180000000     MSVCRT:MSVCR120.dll
 0000:00000000       .debug$S                   0000000180000000     MSVCRT:MSVCR120.dll
 0000:00000000       .debug$S                   0000000180000000     MSVCRT:MSVCR120.dll
 0000:00000000       .debug$S                   0000000180000000     MSVCRT:MSVCR120.dll
 0000:00000000       .debug$S                   0000000180000000     MSVCRT:MSVCR120.dll
 0000:00000000       .debug$S                   0000000180000000     MSVCRT:MSVCR120.dll
 0000:00000000       .debug$S                   0000000180000000     MSVCRT:MSVCR120.dll
 0000:00000000       .debug$S                   0000000180000000     MSVCRT:MSVCR120.dll
 0000:00000000       .debug$S                   0000000180000000     MSVCRT:MSVCR120.dll
 0000:00000000       .debug$S                   0000000180000000     MSVCRT:MSVCR120.dll
 0000:00000000       .debug$S                   0000000180000000     MSVCRT:MSVCR120.dll
 0000:00000000       .debug$S                   0000000180000000     MSVCRT:MSVCR120.dll
 0000:00000000       .debug$S                   0000000180000000     MSVCRT:MSVCR120.dll
 0000:00000000       .debug$S                   0000000180000000     MSVCRT:MSVCR120.dll
 0000:00000000       .debug$S                   0000000180000000     sf_runtime:sf_runtime.dll
 0000:00000000       .debug$S                   0000000180000000     sf_runtime:sf_runtime.dll
 0000:00000000       .debug$S                   0000000180000000     sf_runtime:sf_runtime.dll
 0000:00000000       .debug$S                   0000000180000000     sf_runtime:sf_runtime.dll
 0000:00000000       .debug$S                   0000000180000000     sf_runtime:sf_runtime.dll
 0000:00000000       .debug$S                   0000000180000000     sf_runtime:sf_runtime.dll
 0000:00000000       .debug$S                   0000000180000000     sf_runtime:sf_runtime.dll
 0000:00000000       .debug$S                   0000000180000000     sf_runtime:sf_runtime.dll
 0000:00000000       .debug$S                   0000000180000000     sf_runtime:sf_runtime.dll
 0000:00000000       .debug$S                   0000000180000000     sf_runtime:sf_runtime.dll
 0000:00000000       .debug$S                   0000000180000000     sf_runtime:sf_runtime.dll
 0000:00000000       .debug$S                   0000000180000000     sf_runtime:sf_runtime.dll
 0000:00000000       .debug$S                   0000000180000000     sf_runtime:sf_runtime.dll
 0000:00000000       .debug$S                   0000000180000000     sf_runtime:sf_runtime.dll
 0000:00000000       .debug$S                   0000000180000000     sf_runtime:sf_runtime.dll
 0000:00000000       .debug$S                   0000000180000000     sf_runtime:sf_runtime.dll
 0000:00000000       .debug$S                   0000000180000000     sf_runtime:sf_runtime.dll
 0000:00000000       .debug$S                   0000000180000000     sf_runtime:sf_runtime.dll
 0000:00000000       .debug$S                   0000000180000000     sf_runtime:sf_runtime.dll
 0000:00000000       .debug$S                   0000000180000000     sf_runtime:sf_runtime.dll
 0000:00000000       .debug$S                   0000000180000000     sf_runtime:sf_runtime.dll
 0000:00000000       .debug$S                   0000000180000000     sf_runtime:sf_runtime.dll
 0000:00000000       .debug$S                   0000000180000000     sf_runtime:sf_runtime.dll
 0000:00000000       .debug$S                   0000000180000000     sf_runtime:sf_runtime.dll
 0000:00000000       .debug$S                   0000000180000000     sf_runtime:sf_runtime.dll
 0000:00000000       .debug$S                   0000000180000000     sf_runtime:sf_runtime.dll
 0000:00000000       .debug$S                   0000000180000000     sf_runtime:sf_runtime.dll
 0000:00000000       .debug$S                   0000000180000000     sf_runtime:sf_runtime.dll
 0000:00000000       .debug$S                   0000000180000000     sf_runtime:sf_runtime.dll
 0000:00000000       .debug$S                   0000000180000000     sf_runtime:sf_runtime.dll
 0000:00000000       .debug$S                   0000000180000000     sf_runtime:sf_runtime.dll
 0000:00000000       .debug$S                   0000000180000000     sf_runtime:sf_runtime.dll
 0000:00000000       .debug$S                   0000000180000000     sf_runtime:sf_runtime.dll
 0000:00000000       .debug$S                   0000000180000000     sf_runtime:sf_runtime.dll
 0000:00000000       .debug$S                   0000000180000000     sf_runtime:sf_runtime.dll
 0000:00000000       .debug$S                   0000000180000000     sf_runtime:sf_runtime.dll
 0000:00000000       .debug$S                   0000000180000000     libut:libut.dll
 0000:00000000       .debug$S                   0000000180000000     libut:libut.dll
 0000:00000000       .debug$S                   0000000180000000     sf_runtime:sf_runtime.dll
 0000:00000000       .debug$S                   0000000180000000     libmex:libmex.dll
 0000:00000000       .debug$S                   0000000180000000     libmex:libmex.dll
 0000:00000000       .debug$S                   0000000180000000     libmex:libmex.dll
 0000:00000000       .debug$S                   0000000180000000     libmex:libmex.dll
 0000:00000000       .debug$S                   0000000180000000     libmex:libmex.dll
 0000:00000000       .debug$S                   0000000180000000     libmex:libmex.dll
 0000:00000000       .debug$S                   0000000180000000     libmex:libmex.dll
 0000:00000000       .debug$S                   0000000180000000     sf_runtime:sf_runtime.dll
 0000:00000000       .debug$S                   0000000180000000     libmx:libmx.dll
 0000:00000000       .debug$S                   0000000180000000     libmx:libmx.dll
 0000:00000000       .debug$S                   0000000180000000     libmx:libmx.dll
 0000:00000000       .debug$S                   0000000180000000     libmx:libmx.dll
 0000:00000000       .debug$S                   0000000180000000     libmx:libmx.dll
 0000:00000000       .debug$S                   0000000180000000     libmx:libmx.dll
 0000:00000000       .debug$S                   0000000180000000     libmx:libmx.dll
 0000:00000000       .debug$S                   0000000180000000     libmx:libmx.dll
 0000:00000000       .debug$S                   0000000180000000     libmx:libmx.dll
 0000:00000000       .debug$S                   0000000180000000     libmx:libmx.dll
 0000:00000000       .debug$S                   0000000180000000     libmx:libmx.dll
 0000:00000000       .debug$S                   0000000180000000     libmx:libmx.dll
 0000:00000000       .debug$S                   0000000180000000     libmx:libmx.dll
 0000:00000000       .debug$S                   0000000180000000     libmx:libmx.dll
 0000:00000000       .debug$S                   0000000180000000     libmx:libmx.dll
 0000:00000000       .debug$S                   0000000180000000     libmx:libmx.dll
 0000:00000000       .debug$S                   0000000180000000     libmx:libmx.dll
 0000:00000000       .debug$S                   0000000180000000     sf_runtime:sf_runtime.dll
 0000:00000000       .debug$S                   0000000180000000     sf_runtime:sf_runtime.dll
 0000:00000000       .debug$S                   0000000180000000     sf_runtime:sf_runtime.dll
 0000:00000000       .debug$S                   0000000180000000     sf_runtime:sf_runtime.dll
 0000:00000000       .debug$S                   0000000180000000     sf_runtime:sf_runtime.dll
 0000:00000000       .debug$S                   0000000180000000     sf_runtime:sf_runtime.dll
 0000:00000000       .debug$S                   0000000180000000     sf_runtime:sf_runtime.dll
 0000:00000000       .debug$S                   0000000180000000     sf_runtime:sf_runtime.dll
 0000:00000000       .debug$S                   0000000180000000     sf_runtime:sf_runtime.dll
 0000:00000000       .debug$S                   0000000180000000     sf_runtime:sf_runtime.dll
 0000:00000000       .debug$S                   0000000180000000     libmx:libmx.dll
 0000:00000000       .debug$S                   0000000180000000     sf_runtime:sf_runtime.dll
 0000:00000000       .debug$S                   0000000180000000     libmx:libmx.dll
 0000:00000000       .debug$S                   0000000180000000     sf_runtime:sf_runtime.dll
 0000:00000000       .debug$S                   0000000180000000     libmx:libmx.dll
 0000:00000000       .debug$S                   0000000180000000     sf_runtime:sf_runtime.dll
 0000:00000000       .debug$S                   0000000180000000     libmx:libmx.dll
 0000:00000000       .debug$S                   0000000180000000     sf_runtime:sf_runtime.dll
 0000:00000000       .debug$S                   0000000180000000     sf_runtime:sf_runtime.dll
 0000:00000000       .debug$S                   0000000180000000     sf_runtime:sf_runtime.dll
 0001:00001880       chart_debug_initialization 0000000180002880 f   c1_DisplayCANMsg.obj
 0001:00001f10       chart_debug_initialize_data_addresses 0000000180002f10 f   c1_DisplayCANMsg.obj
 0001:00002020       initialize_c1_DisplayCANMsg 0000000180003020 f   c1_DisplayCANMsg.obj
 0001:00002090       initialize_params_c1_DisplayCANMsg 0000000180003090 f   c1_DisplayCANMsg.obj
 0001:000020a0       enable_c1_DisplayCANMsg    00000001800030a0 f   c1_DisplayCANMsg.obj
 0001:000020d0       disable_c1_DisplayCANMsg   00000001800030d0 f   c1_DisplayCANMsg.obj
 0001:00002100       c1_update_debugger_state_c1_DisplayCANMsg 0000000180003100 f   c1_DisplayCANMsg.obj
 0001:00002110       get_sim_state_c1_DisplayCANMsg 0000000180003110 f   c1_DisplayCANMsg.obj
 0001:00002290       set_sim_state_c1_DisplayCANMsg 0000000180003290 f   c1_DisplayCANMsg.obj
 0001:00002360       finalize_c1_DisplayCANMsg  0000000180003360 f   c1_DisplayCANMsg.obj
 0001:00002370       sf_gateway_c1_DisplayCANMsg 0000000180003370 f   c1_DisplayCANMsg.obj
 0001:000029e0       initSimStructsc1_DisplayCANMsg 00000001800039e0 f   c1_DisplayCANMsg.obj
 0001:000029f0       init_script_number_translation 00000001800039f0 f   c1_DisplayCANMsg.obj
 0001:00002a10       c1_sf_marshallOut          0000000180003a10 f   c1_DisplayCANMsg.obj
 0001:00002ac0       c1_emlrt_marshallIn        0000000180003ac0 f   c1_DisplayCANMsg.obj
 0001:00002b30       c1_b_emlrt_marshallIn      0000000180003b30 f   c1_DisplayCANMsg.obj
 0001:00002bc0       c1_sf_marshallIn           0000000180003bc0 f   c1_DisplayCANMsg.obj
 0001:00002c60       c1_b_sf_marshallOut        0000000180003c60 f   c1_DisplayCANMsg.obj
 0001:00002d40       c1_c_sf_marshallOut        0000000180003d40 f   c1_DisplayCANMsg.obj
 0001:00002df0       c1_c_emlrt_marshallIn      0000000180003df0 f   c1_DisplayCANMsg.obj
 0001:00002e80       c1_b_sf_marshallIn         0000000180003e80 f   c1_DisplayCANMsg.obj
 0001:00002f20       c1_e_emlrt_marshallIn      0000000180003f20 f   c1_DisplayCANMsg.obj
 0001:00002f80       c1_f_emlrt_marshallIn      0000000180003f80 f   c1_DisplayCANMsg.obj
 0001:00003010       init_dsm_address_info      0000000180004010 f   c1_DisplayCANMsg.obj
 0001:00003020       init_simulink_io_address   0000000180004020 f   c1_DisplayCANMsg.obj
 0001:00003800       sf_get_sim_state_info_c1_DisplayCANMsg 0000000180004800 f   c1_DisplayCANMsg.obj
 0001:000038d0       sf_get_instance_specialization 00000001800048d0 f   c1_DisplayCANMsg.obj
 0001:000038e0       sf_opaque_initialize_c1_DisplayCANMsg 00000001800048e0 f   c1_DisplayCANMsg.obj
 0001:00003920       sf_opaque_enable_c1_DisplayCANMsg 0000000180004920 f   c1_DisplayCANMsg.obj
 0001:00003940       sf_opaque_disable_c1_DisplayCANMsg 0000000180004940 f   c1_DisplayCANMsg.obj
 0001:00003960       sf_opaque_gateway_c1_DisplayCANMsg 0000000180004960 f   c1_DisplayCANMsg.obj
 0001:00003980       sf_opaque_get_sim_state_c1_DisplayCANMsg 0000000180004980 f   c1_DisplayCANMsg.obj
 0001:000039d0       sf_opaque_set_sim_state_c1_DisplayCANMsg 00000001800049d0 f   c1_DisplayCANMsg.obj
 0001:00003a20       sf_opaque_terminate_c1_DisplayCANMsg 0000000180004a20 f   c1_DisplayCANMsg.obj
 0001:00003ac0       mdlProcessParameters_c1_DisplayCANMsg 0000000180004ac0 f   c1_DisplayCANMsg.obj
 0001:00003ba0       mdlSetWorkWidths_c1_DisplayCANMsg 0000000180004ba0 f   c1_DisplayCANMsg.obj
 0001:000040e0       mdlRTW_c1_DisplayCANMsg    00000001800050e0 f   c1_DisplayCANMsg.obj
 0001:00004120       mdlStart_c1_DisplayCANMsg  0000000180005120 f   c1_DisplayCANMsg.obj
 0001:00004560       chart_debug_initialization 0000000180005560 f   c2_DisplayCANMsg.obj
 0001:00004bf0       chart_debug_initialize_data_addresses 0000000180005bf0 f   c2_DisplayCANMsg.obj
 0001:00004d00       initialize_c2_DisplayCANMsg 0000000180005d00 f   c2_DisplayCANMsg.obj
 0001:00004d70       initialize_params_c2_DisplayCANMsg 0000000180005d70 f   c2_DisplayCANMsg.obj
 0001:00004d80       enable_c2_DisplayCANMsg    0000000180005d80 f   c2_DisplayCANMsg.obj
 0001:00004db0       disable_c2_DisplayCANMsg   0000000180005db0 f   c2_DisplayCANMsg.obj
 0001:00004de0       c2_update_debugger_state_c2_DisplayCANMsg 0000000180005de0 f   c2_DisplayCANMsg.obj
 0001:00004df0       get_sim_state_c2_DisplayCANMsg 0000000180005df0 f   c2_DisplayCANMsg.obj
 0001:00004f70       set_sim_state_c2_DisplayCANMsg 0000000180005f70 f   c2_DisplayCANMsg.obj
 0001:00005040       finalize_c2_DisplayCANMsg  0000000180006040 f   c2_DisplayCANMsg.obj
 0001:00005050       sf_gateway_c2_DisplayCANMsg 0000000180006050 f   c2_DisplayCANMsg.obj
 0001:000056c0       initSimStructsc2_DisplayCANMsg 00000001800066c0 f   c2_DisplayCANMsg.obj
 0001:000056d0       init_script_number_translation 00000001800066d0 f   c2_DisplayCANMsg.obj
 0001:000056f0       c2_sf_marshallOut          00000001800066f0 f   c2_DisplayCANMsg.obj
 0001:000057a0       c2_emlrt_marshallIn        00000001800067a0 f   c2_DisplayCANMsg.obj
 0001:00005810       c2_b_emlrt_marshallIn      0000000180006810 f   c2_DisplayCANMsg.obj
 0001:000058a0       c2_sf_marshallIn           00000001800068a0 f   c2_DisplayCANMsg.obj
 0001:00005940       c2_b_sf_marshallOut        0000000180006940 f   c2_DisplayCANMsg.obj
 0001:00005a20       c2_c_sf_marshallOut        0000000180006a20 f   c2_DisplayCANMsg.obj
 0001:00005ad0       c2_c_emlrt_marshallIn      0000000180006ad0 f   c2_DisplayCANMsg.obj
 0001:00005b60       c2_b_sf_marshallIn         0000000180006b60 f   c2_DisplayCANMsg.obj
 0001:00005c00       c2_e_emlrt_marshallIn      0000000180006c00 f   c2_DisplayCANMsg.obj
 0001:00005c60       c2_f_emlrt_marshallIn      0000000180006c60 f   c2_DisplayCANMsg.obj
 0001:00005cf0       init_dsm_address_info      0000000180006cf0 f   c2_DisplayCANMsg.obj
 0001:00005d00       init_simulink_io_address   0000000180006d00 f   c2_DisplayCANMsg.obj
 0001:000064e0       sf_get_sim_state_info_c2_DisplayCANMsg 00000001800074e0 f   c2_DisplayCANMsg.obj
 0001:000065b0       sf_get_instance_specialization 00000001800075b0 f   c2_DisplayCANMsg.obj
 0001:000065c0       sf_opaque_initialize_c2_DisplayCANMsg 00000001800075c0 f   c2_DisplayCANMsg.obj
 0001:00006600       sf_opaque_enable_c2_DisplayCANMsg 0000000180007600 f   c2_DisplayCANMsg.obj
 0001:00006620       sf_opaque_disable_c2_DisplayCANMsg 0000000180007620 f   c2_DisplayCANMsg.obj
 0001:00006640       sf_opaque_gateway_c2_DisplayCANMsg 0000000180007640 f   c2_DisplayCANMsg.obj
 0001:00006660       sf_opaque_get_sim_state_c2_DisplayCANMsg 0000000180007660 f   c2_DisplayCANMsg.obj
 0001:000066b0       sf_opaque_set_sim_state_c2_DisplayCANMsg 00000001800076b0 f   c2_DisplayCANMsg.obj
 0001:00006700       sf_opaque_terminate_c2_DisplayCANMsg 0000000180007700 f   c2_DisplayCANMsg.obj
 0001:000067a0       mdlProcessParameters_c2_DisplayCANMsg 00000001800077a0 f   c2_DisplayCANMsg.obj
 0001:00006880       mdlSetWorkWidths_c2_DisplayCANMsg 0000000180007880 f   c2_DisplayCANMsg.obj
 0001:00006dc0       mdlRTW_c2_DisplayCANMsg    0000000180007dc0 f   c2_DisplayCANMsg.obj
 0001:00006e00       mdlStart_c2_DisplayCANMsg  0000000180007e00 f   c2_DisplayCANMsg.obj
 0001:00007240       chart_debug_initialization 0000000180008240 f   c3_DisplayCANMsg.obj
 0001:000078d0       chart_debug_initialize_data_addresses 00000001800088d0 f   c3_DisplayCANMsg.obj
 0001:000079e0       initialize_c3_DisplayCANMsg 00000001800089e0 f   c3_DisplayCANMsg.obj
 0001:00007a50       initialize_params_c3_DisplayCANMsg 0000000180008a50 f   c3_DisplayCANMsg.obj
 0001:00007a60       enable_c3_DisplayCANMsg    0000000180008a60 f   c3_DisplayCANMsg.obj
 0001:00007a90       disable_c3_DisplayCANMsg   0000000180008a90 f   c3_DisplayCANMsg.obj
 0001:00007ac0       c3_update_debugger_state_c3_DisplayCANMsg 0000000180008ac0 f   c3_DisplayCANMsg.obj
 0001:00007ad0       get_sim_state_c3_DisplayCANMsg 0000000180008ad0 f   c3_DisplayCANMsg.obj
 0001:00007c50       set_sim_state_c3_DisplayCANMsg 0000000180008c50 f   c3_DisplayCANMsg.obj
 0001:00007d20       finalize_c3_DisplayCANMsg  0000000180008d20 f   c3_DisplayCANMsg.obj
 0001:00007d30       sf_gateway_c3_DisplayCANMsg 0000000180008d30 f   c3_DisplayCANMsg.obj
 0001:000083a0       initSimStructsc3_DisplayCANMsg 00000001800093a0 f   c3_DisplayCANMsg.obj
 0001:000083b0       init_script_number_translation 00000001800093b0 f   c3_DisplayCANMsg.obj
 0001:000083d0       c3_sf_marshallOut          00000001800093d0 f   c3_DisplayCANMsg.obj
 0001:00008480       c3_emlrt_marshallIn        0000000180009480 f   c3_DisplayCANMsg.obj
 0001:000084f0       c3_b_emlrt_marshallIn      00000001800094f0 f   c3_DisplayCANMsg.obj
 0001:00008580       c3_sf_marshallIn           0000000180009580 f   c3_DisplayCANMsg.obj
 0001:00008620       c3_b_sf_marshallOut        0000000180009620 f   c3_DisplayCANMsg.obj
 0001:00008700       c3_c_sf_marshallOut        0000000180009700 f   c3_DisplayCANMsg.obj
 0001:000087b0       c3_c_emlrt_marshallIn      00000001800097b0 f   c3_DisplayCANMsg.obj
 0001:00008840       c3_b_sf_marshallIn         0000000180009840 f   c3_DisplayCANMsg.obj
 0001:000088e0       c3_e_emlrt_marshallIn      00000001800098e0 f   c3_DisplayCANMsg.obj
 0001:00008940       c3_f_emlrt_marshallIn      0000000180009940 f   c3_DisplayCANMsg.obj
 0001:000089d0       init_dsm_address_info      00000001800099d0 f   c3_DisplayCANMsg.obj
 0001:000089e0       init_simulink_io_address   00000001800099e0 f   c3_DisplayCANMsg.obj
 0001:000091c0       sf_get_sim_state_info_c3_DisplayCANMsg 000000018000a1c0 f   c3_DisplayCANMsg.obj
 0001:00009290       sf_get_instance_specialization 000000018000a290 f   c3_DisplayCANMsg.obj
 0001:000092a0       sf_opaque_initialize_c3_DisplayCANMsg 000000018000a2a0 f   c3_DisplayCANMsg.obj
 0001:000092e0       sf_opaque_enable_c3_DisplayCANMsg 000000018000a2e0 f   c3_DisplayCANMsg.obj
 0001:00009300       sf_opaque_disable_c3_DisplayCANMsg 000000018000a300 f   c3_DisplayCANMsg.obj
 0001:00009320       sf_opaque_gateway_c3_DisplayCANMsg 000000018000a320 f   c3_DisplayCANMsg.obj
 0001:00009340       sf_opaque_get_sim_state_c3_DisplayCANMsg 000000018000a340 f   c3_DisplayCANMsg.obj
 0001:00009390       sf_opaque_set_sim_state_c3_DisplayCANMsg 000000018000a390 f   c3_DisplayCANMsg.obj
 0001:000093e0       sf_opaque_terminate_c3_DisplayCANMsg 000000018000a3e0 f   c3_DisplayCANMsg.obj
 0001:00009480       mdlProcessParameters_c3_DisplayCANMsg 000000018000a480 f   c3_DisplayCANMsg.obj
 0001:00009560       mdlSetWorkWidths_c3_DisplayCANMsg 000000018000a560 f   c3_DisplayCANMsg.obj
 0001:00009aa0       mdlRTW_c3_DisplayCANMsg    000000018000aaa0 f   c3_DisplayCANMsg.obj
 0001:00009ae0       mdlStart_c3_DisplayCANMsg  000000018000aae0 f   c3_DisplayCANMsg.obj
 0001:00009f20       chart_debug_initialization 000000018000af20 f   c4_DisplayCANMsg.obj
 0001:0000a5b0       chart_debug_initialize_data_addresses 000000018000b5b0 f   c4_DisplayCANMsg.obj
 0001:0000a6c0       initialize_c4_DisplayCANMsg 000000018000b6c0 f   c4_DisplayCANMsg.obj
 0001:0000a730       initialize_params_c4_DisplayCANMsg 000000018000b730 f   c4_DisplayCANMsg.obj
 0001:0000a740       enable_c4_DisplayCANMsg    000000018000b740 f   c4_DisplayCANMsg.obj
 0001:0000a770       disable_c4_DisplayCANMsg   000000018000b770 f   c4_DisplayCANMsg.obj
 0001:0000a7a0       c4_update_debugger_state_c4_DisplayCANMsg 000000018000b7a0 f   c4_DisplayCANMsg.obj
 0001:0000a7b0       get_sim_state_c4_DisplayCANMsg 000000018000b7b0 f   c4_DisplayCANMsg.obj
 0001:0000a930       set_sim_state_c4_DisplayCANMsg 000000018000b930 f   c4_DisplayCANMsg.obj
 0001:0000aa00       finalize_c4_DisplayCANMsg  000000018000ba00 f   c4_DisplayCANMsg.obj
 0001:0000aa10       sf_gateway_c4_DisplayCANMsg 000000018000ba10 f   c4_DisplayCANMsg.obj
 0001:0000b080       initSimStructsc4_DisplayCANMsg 000000018000c080 f   c4_DisplayCANMsg.obj
 0001:0000b090       init_script_number_translation 000000018000c090 f   c4_DisplayCANMsg.obj
 0001:0000b0b0       c4_sf_marshallOut          000000018000c0b0 f   c4_DisplayCANMsg.obj
 0001:0000b160       c4_emlrt_marshallIn        000000018000c160 f   c4_DisplayCANMsg.obj
 0001:0000b1d0       c4_b_emlrt_marshallIn      000000018000c1d0 f   c4_DisplayCANMsg.obj
 0001:0000b260       c4_sf_marshallIn           000000018000c260 f   c4_DisplayCANMsg.obj
 0001:0000b300       c4_b_sf_marshallOut        000000018000c300 f   c4_DisplayCANMsg.obj
 0001:0000b3e0       c4_c_sf_marshallOut        000000018000c3e0 f   c4_DisplayCANMsg.obj
 0001:0000b490       c4_c_emlrt_marshallIn      000000018000c490 f   c4_DisplayCANMsg.obj
 0001:0000b520       c4_b_sf_marshallIn         000000018000c520 f   c4_DisplayCANMsg.obj
 0001:0000b5c0       c4_e_emlrt_marshallIn      000000018000c5c0 f   c4_DisplayCANMsg.obj
 0001:0000b620       c4_f_emlrt_marshallIn      000000018000c620 f   c4_DisplayCANMsg.obj
 0001:0000b6b0       init_dsm_address_info      000000018000c6b0 f   c4_DisplayCANMsg.obj
 0001:0000b6c0       init_simulink_io_address   000000018000c6c0 f   c4_DisplayCANMsg.obj
 0001:0000bea0       sf_get_sim_state_info_c4_DisplayCANMsg 000000018000cea0 f   c4_DisplayCANMsg.obj
 0001:0000bf70       sf_get_instance_specialization 000000018000cf70 f   c4_DisplayCANMsg.obj
 0001:0000bf80       sf_opaque_initialize_c4_DisplayCANMsg 000000018000cf80 f   c4_DisplayCANMsg.obj
 0001:0000bfc0       sf_opaque_enable_c4_DisplayCANMsg 000000018000cfc0 f   c4_DisplayCANMsg.obj
 0001:0000bfe0       sf_opaque_disable_c4_DisplayCANMsg 000000018000cfe0 f   c4_DisplayCANMsg.obj
 0001:0000c000       sf_opaque_gateway_c4_DisplayCANMsg 000000018000d000 f   c4_DisplayCANMsg.obj
 0001:0000c020       sf_opaque_get_sim_state_c4_DisplayCANMsg 000000018000d020 f   c4_DisplayCANMsg.obj
 0001:0000c070       sf_opaque_set_sim_state_c4_DisplayCANMsg 000000018000d070 f   c4_DisplayCANMsg.obj
 0001:0000c0c0       sf_opaque_terminate_c4_DisplayCANMsg 000000018000d0c0 f   c4_DisplayCANMsg.obj
 0001:0000c160       mdlProcessParameters_c4_DisplayCANMsg 000000018000d160 f   c4_DisplayCANMsg.obj
 0001:0000c240       mdlSetWorkWidths_c4_DisplayCANMsg 000000018000d240 f   c4_DisplayCANMsg.obj
 0001:0000c780       mdlRTW_c4_DisplayCANMsg    000000018000d780 f   c4_DisplayCANMsg.obj
 0001:0000c7c0       mdlStart_c4_DisplayCANMsg  000000018000d7c0 f   c4_DisplayCANMsg.obj
 0001:0000dd38       $LN120                     000000018000ed38     DisplayCANMsg_sfun_registry.obj
 0001:0000f904       $LN17                      0000000180010904     DisplayCANMsg_sfun_registry.obj
 0001:0000fe8c       $LN26                      0000000180010e8c     DisplayCANMsg_sfun_registry.obj
 0001:00010574       $LN23                      0000000180011574     DisplayCANMsg_sfun_registry.obj
 0001:00010b50       $LN26                      0000000180011b50     DisplayCANMsg_sfun_registry.obj
 0001:00012a10       sf_debug_api_wrapper       0000000180013a10 f   DisplayCANMsg_sfun_registry.obj
 0001:00012a60       ProcessMexSfunctionCmdLineCall 0000000180013a60 f   DisplayCANMsg_sfun_registry.obj
 0001:00012d90       getChartInfoFromSimStruct  0000000180013d90 f   DisplayCANMsg_sfun_registry.obj
 0001:00012e50       mdlSetWorkWidths           0000000180013e50 f   DisplayCANMsg_sfun_registry.obj
 0001:00012e80       mdlProcessParameters       0000000180013e80 f   DisplayCANMsg_sfun_registry.obj
 0001:00012eb0       mdl_start_processing       0000000180013eb0 f   DisplayCANMsg_sfun_registry.obj
 0001:00012f70       mdl_terminate_processing   0000000180013f70 f   DisplayCANMsg_sfun_registry.obj
 0001:00012ff0       mdlStart                   0000000180013ff0 f   DisplayCANMsg_sfun_registry.obj
 0001:00013020       mdlTerminate               0000000180014020 f   DisplayCANMsg_sfun_registry.obj
 0001:00013050       mdlInitializeSizes         0000000180014050 f   DisplayCANMsg_sfun_registry.obj
 0001:00013080       mdlInitializeSampleTimes   0000000180014080 f   DisplayCANMsg_sfun_registry.obj
 0001:000130b0       mdl_outputs_continuous_legacy 00000001800140b0 f   DisplayCANMsg_sfun_registry.obj
 0001:000131b0       mdl_outputs_processing     00000001800141b0 f   DisplayCANMsg_sfun_registry.obj
 0001:000132e0       mdl_zeroCrossings_processing 00000001800142e0 f   DisplayCANMsg_sfun_registry.obj
 0001:00013320       mdlZeroCrossings           0000000180014320 f   DisplayCANMsg_sfun_registry.obj
 0001:00013350       mdl_derivatives_processing 0000000180014350 f   DisplayCANMsg_sfun_registry.obj
 0001:000133a0       mdlDerivatives             00000001800143a0 f   DisplayCANMsg_sfun_registry.obj
 0001:000133d0       mdl_initialize_conditions_processing 00000001800143d0 f   DisplayCANMsg_sfun_registry.obj
 0001:00013420       mdlInitializeConditions    0000000180014420 f   DisplayCANMsg_sfun_registry.obj
 0001:00013450       mdl_ext_mode_exec_processing 0000000180014450 f   DisplayCANMsg_sfun_registry.obj
 0001:00013490       mdlExtModeExec             0000000180014490 f   DisplayCANMsg_sfun_registry.obj
 0001:000134c0       mdlRTW                     00000001800144c0 f   DisplayCANMsg_sfun_registry.obj
 0001:00013500       mdl_enable_processing      0000000180014500 f   DisplayCANMsg_sfun_registry.obj
 0001:00013540       mdlEnable                  0000000180014540 f   DisplayCANMsg_sfun_registry.obj
 0001:00013570       mdl_disable_processing     0000000180014570 f   DisplayCANMsg_sfun_registry.obj
 0001:000135b0       mdlDisable                 00000001800145b0 f   DisplayCANMsg_sfun_registry.obj
 0001:000135e0       mdlOutputs                 00000001800145e0 f   DisplayCANMsg_sfun_registry.obj
 0001:00013610       mdl_update_processing      0000000180014610 f   DisplayCANMsg_sfun_registry.obj
 0001:00013670       mdlUpdate                  0000000180014670 f   DisplayCANMsg_sfun_registry.obj
 0001:00013850       mdlGetTimeOfNextVarHit     0000000180014850 f   DisplayCANMsg_sfun_registry.obj
 0001:000138a0       _RegNumInputPortsCB        00000001800148a0 f   DisplayCANMsg_sfun_registry.obj
 0001:00013920       _RegNumOutputPortsCB       0000000180014920 f   DisplayCANMsg_sfun_registry.obj
 0001:000139a0       _CreateSimStruct           00000001800149a0 f   DisplayCANMsg_sfun_registry.obj
 0001:00013b30       _ssFatalError              0000000180014b30 f   DisplayCANMsg_sfun_registry.obj
 0001:00013c00       _ProcessMexSfunctionCmdLineCall 0000000180014c00 f   DisplayCANMsg_sfun_registry.obj
 0001:000148e0       $$000000                   00000001800158e0     MSVCRT:amdsecgs.obj
 0001:0001493c       pre_c_init                 000000018001593c f   MSVCRT:crtdll.obj
 0001:00014c34       __DllMainCRTStartup        0000000180015c34 f   MSVCRT:crtdll.obj
 0001:00015150       __DllMainCRTStartup$filt$0 0000000180016150 f   MSVCRT:crtdll.obj
 0001:00015175       __DllMainCRTStartup$fin$1  0000000180016175 f   MSVCRT:crtdll.obj
 0001:00015190       _IsNonwritableInCurrentImage$filt$0 0000000180016190 f   MSVCRT:pesect.obj
 0001:000151b0       _onexit$fin$0              00000001800161b0 f   MSVCRT:atonexit.obj
 0002:00000428       pcinit                     0000000180017428     MSVCRT:crtdll.obj
 0002:00000430       pinit                      0000000180017430     MSVCRT:atonexit.obj
 0002:00000a78       GS_ExceptionPointers       0000000180017a78     MSVCRT:gs_report.obj
 0002:00000b40       $unwind$load_DisplayCANMsg_optimization_info 0000000180017b40     DisplayCANMsg_sfun.obj
 0002:00000b48       $unwind$unload_DisplayCANMsg_optimization_info 0000000180017b48     DisplayCANMsg_sfun.obj
 0002:00000b50       $unwind$sf_DisplayCANMsg_method_dispatcher 0000000180017b50     DisplayCANMsg_sfun.obj
 0002:00000b58       $unwind$sf_DisplayCANMsg_uses_exported_functions 0000000180017b58     DisplayCANMsg_sfun.obj
 0002:00000b60       $unwind$sf_DisplayCANMsg_process_check_sum_call 0000000180017b60     DisplayCANMsg_sfun.obj
 0002:00000b70       $unwind$sf_DisplayCANMsg_autoinheritance_info 0000000180017b70     DisplayCANMsg_sfun.obj
 0002:00000b80       $unwind$sf_DisplayCANMsg_get_eml_resolved_functions_info 0000000180017b80     DisplayCANMsg_sfun.obj
 0002:00000b90       $unwind$sf_DisplayCANMsg_third_party_uses_info 0000000180017b90     DisplayCANMsg_sfun.obj
 0002:00000ba0       $unwind$sf_DisplayCANMsg_jit_fallback_info 0000000180017ba0     DisplayCANMsg_sfun.obj
 0002:00000bb0       $unwind$sf_DisplayCANMsg_updateBuildInfo_args_info 0000000180017bb0     DisplayCANMsg_sfun.obj
 0002:00000bc0       $unwind$sf_DisplayCANMsg_get_post_codegen_info 0000000180017bc0     DisplayCANMsg_sfun.obj
 0002:00000bd0       $unwind$DisplayCANMsg_debug_initialize 0000000180017bd0     DisplayCANMsg_sfun.obj
 0002:00000bd8       $unwind$sf_c1_DisplayCANMsg_get_eml_resolved_functions_info 0000000180017bd8     c1_DisplayCANMsg.obj
 0002:00000be0       $unwind$sf_c1_DisplayCANMsg_get_check_sum 0000000180017be0     c1_DisplayCANMsg.obj
 0002:00000be8       $unwind$c1_DisplayCANMsg_method_dispatcher 0000000180017be8     c1_DisplayCANMsg.obj
[...]
 0004:00000570       $pdata$sf_c3_DisplayCANMsg_updateBuildInfo_args_info 000000018001e570     c3_DisplayCANMsg.obj
 0004:0000057c       $pdata$sf_get_sim_state_info_c3_DisplayCANMsg 000000018001e57c     c3_DisplayCANMsg.obj
 0004:00000588       $pdata$sf_opaque_initialize_c3_DisplayCANMsg 000000018001e588     c3_DisplayCANMsg.obj
 0004:00000594       $pdata$sf_opaque_enable_c3_DisplayCANMsg 000000018001e594     c3_DisplayCANMsg.obj
 0004:000005a0       $pdata$sf_opaque_disable_c3_DisplayCANMsg 000000018001e5a0     c3_DisplayCANMsg.obj
 0004:000005ac       $pdata$sf_opaque_gateway_c3_DisplayCANMsg 000000018001e5ac     c3_DisplayCANMsg.obj
 0004:000005b8       $pdata$sf_opaque_get_sim_state_c3_DisplayCANMsg 000000018001e5b8     c3_DisplayCANMsg.obj
 0004:000005c4       $pdata$sf_opaque_set_sim_state_c3_DisplayCANMsg 000000018001e5c4     c3_DisplayCANMsg.obj
 0004:000005d0       $pdata$sf_opaque_terminate_c3_DisplayCANMsg 000000018001e5d0     c3_DisplayCANMsg.obj
 0004:000005dc       $pdata$mdlProcessParameters_c3_DisplayCANMsg 000000018001e5dc     c3_DisplayCANMsg.obj
 0004:000005e8       $pdata$mdlSetWorkWidths_c3_DisplayCANMsg 000000018001e5e8     c3_DisplayCANMsg.obj
 0004:000005f4       $pdata$mdlRTW_c3_DisplayCANMsg 000000018001e5f4     c3_DisplayCANMsg.obj
 0004:00000600       $pdata$mdlStart_c3_DisplayCANMsg 000000018001e600     c3_DisplayCANMsg.obj
 0004:0000060c       $pdata$sf_c4_DisplayCANMsg_get_eml_resolved_functions_info 000000018001e60c     c4_DisplayCANMsg.obj
 0004:00000618       $pdata$sf_c4_DisplayCANMsg_get_check_sum 000000018001e618     c4_DisplayCANMsg.obj
 0004:00000624       $pdata$c4_DisplayCANMsg_method_dispatcher 000000018001e624     c4_DisplayCANMsg.obj
 0004:00000630       $pdata$chart_debug_initialization 000000018001e630     c4_DisplayCANMsg.obj
 0004:0000063c       $pdata$chart_debug_initialize_data_addresses 000000018001e63c     c4_DisplayCANMsg.obj
 0004:00000648       $pdata$initialize_c4_DisplayCANMsg 000000018001e648     c4_DisplayCANMsg.obj
 0004:00000654       $pdata$enable_c4_DisplayCANMsg 000000018001e654     c4_DisplayCANMsg.obj
 0004:00000660       $pdata$disable_c4_DisplayCANMsg 000000018001e660     c4_DisplayCANMsg.obj
 0004:0000066c       $pdata$get_sim_state_c4_DisplayCANMsg 000000018001e66c     c4_DisplayCANMsg.obj
 0004:00000678       $pdata$set_sim_state_c4_DisplayCANMsg 000000018001e678     c4_DisplayCANMsg.obj
 0004:00000684       $pdata$sf_gateway_c4_DisplayCANMsg 000000018001e684     c4_DisplayCANMsg.obj
 0004:00000690       $pdata$c4_sf_marshallOut   000000018001e690     c4_DisplayCANMsg.obj
 0004:0000069c       $pdata$c4_emlrt_marshallIn 000000018001e69c     c4_DisplayCANMsg.obj
 0004:000006a8       $pdata$c4_b_emlrt_marshallIn 000000018001e6a8     c4_DisplayCANMsg.obj
 0004:000006b4       $pdata$c4_sf_marshallIn    000000018001e6b4     c4_DisplayCANMsg.obj
 0004:000006c0       $pdata$c4_b_sf_marshallOut 000000018001e6c0     c4_DisplayCANMsg.obj
 0004:000006cc       $pdata$c4_c_sf_marshallOut 000000018001e6cc     c4_DisplayCANMsg.obj
 0004:000006d8       $pdata$c4_c_emlrt_marshallIn 000000018001e6d8     c4_DisplayCANMsg.obj
 0004:000006e4       $pdata$c4_b_sf_marshallIn  000000018001e6e4     c4_DisplayCANMsg.obj
 0004:000006f0       $pdata$c4_e_emlrt_marshallIn 000000018001e6f0     c4_DisplayCANMsg.obj
 0004:000006fc       $pdata$c4_f_emlrt_marshallIn 000000018001e6fc     c4_DisplayCANMsg.obj
 0004:00000708       $pdata$init_simulink_io_address 000000018001e708     c4_DisplayCANMsg.obj
 0004:00000714       $pdata$sf_c4_DisplayCANMsg_get_post_codegen_info 000000018001e714     c4_DisplayCANMsg.obj
 0004:00000720       $pdata$sf_c4_DisplayCANMsg_get_autoinheritance_info 000000018001e720     c4_DisplayCANMsg.obj
 0004:0000072c       $pdata$sf_c4_DisplayCANMsg_third_party_uses_info 000000018001e72c     c4_DisplayCANMsg.obj
 0004:00000738       $pdata$sf_c4_DisplayCANMsg_jit_fallback_info 000000018001e738     c4_DisplayCANMsg.obj
 0004:00000744       $pdata$sf_c4_DisplayCANMsg_updateBuildInfo_args_info 000000018001e744     c4_DisplayCANMsg.obj
 0004:00000750       $pdata$sf_get_sim_state_info_c4_DisplayCANMsg 000000018001e750     c4_DisplayCANMsg.obj
 0004:0000075c       $pdata$sf_opaque_initialize_c4_DisplayCANMsg 000000018001e75c     c4_DisplayCANMsg.obj
 0004:00000768       $pdata$sf_opaque_enable_c4_DisplayCANMsg 000000018001e768     c4_DisplayCANMsg.obj
 0004:00000774       $pdata$sf_opaque_disable_c4_DisplayCANMsg 000000018001e774     c4_DisplayCANMsg.obj
 0004:00000780       $pdata$sf_opaque_gateway_c4_DisplayCANMsg 000000018001e780     c4_DisplayCANMsg.obj
 0004:0000078c       $pdata$sf_opaque_get_sim_state_c4_DisplayCANMsg 000000018001e78c     c4_DisplayCANMsg.obj
 0004:00000798       $pdata$sf_opaque_set_sim_state_c4_DisplayCANMsg 000000018001e798     c4_DisplayCANMsg.obj
 0004:000007a4       $pdata$sf_opaque_terminate_c4_DisplayCANMsg 000000018001e7a4     c4_DisplayCANMsg.obj
 0004:000007b0       $pdata$mdlProcessParameters_c4_DisplayCANMsg 000000018001e7b0     c4_DisplayCANMsg.obj
 0004:000007bc       $pdata$mdlSetWorkWidths_c4_DisplayCANMsg 000000018001e7bc     c4_DisplayCANMsg.obj
 0004:000007c8       $pdata$mdlRTW_c4_DisplayCANMsg 000000018001e7c8     c4_DisplayCANMsg.obj
 0004:000007d4       $pdata$mdlStart_c4_DisplayCANMsg 000000018001e7d4     c4_DisplayCANMsg.obj
 0004:000007e0       $pdata$mexFunction         000000018001e7e0     DisplayCANMsg_sfun_registry.obj
 0004:000007ec       $pdata$_ssSetInputPortDirectFeedThroughFcn 000000018001e7ec     DisplayCANMsg_sfun_registry.obj
 0004:000007f8       $pdata$_ssGetInputPortSignalPtrsFcn 000000018001e7f8     DisplayCANMsg_sfun_registry.obj
 0004:00000804       $pdata$_ssGetInputPortSignalFcn 000000018001e804     DisplayCANMsg_sfun_registry.obj
 0004:00000810       $pdata$_ssSetInputPortReusableFcn 000000018001e810     DisplayCANMsg_sfun_registry.obj
 0004:0000081c       $pdata$_ssSetOutputPortReusableFcn 000000018001e81c     DisplayCANMsg_sfun_registry.obj
 0004:00000828       $pdata$_ssSetSymbolicDimsSupport 000000018001e828     DisplayCANMsg_sfun_registry.obj
 0004:00000834       $pdata$_ssRegisterSymbolicDimsExpr 000000018001e834     DisplayCANMsg_sfun_registry.obj
 0004:00000840       $pdata$_ssRegisterSymbolicDims 000000018001e840     DisplayCANMsg_sfun_registry.obj
 0004:0000084c       $pdata$_ssRegisterSymbolicDimsString 000000018001e84c     DisplayCANMsg_sfun_registry.obj
 0004:00000858       $pdata$_ssRegisterSymbolicDimsIntValue 000000018001e858     DisplayCANMsg_sfun_registry.obj
 0004:00000864       $pdata$_ssRegisterSymbolicDimsPlus 000000018001e864     DisplayCANMsg_sfun_registry.obj
 0004:00000870       $pdata$_ssRegisterSymbolicDimsMinus 000000018001e870     DisplayCANMsg_sfun_registry.obj
 0004:0000087c       $pdata$_ssRegisterSymbolicDimsMultiply 000000018001e87c     DisplayCANMsg_sfun_registry.obj
 0004:00000888       $pdata$_ssRegisterSymbolicDimsDivide 000000018001e888     DisplayCANMsg_sfun_registry.obj
 0004:00000894       $pdata$_ssGetNumSymbolicDims 000000018001e894     DisplayCANMsg_sfun_registry.obj
 0004:000008a0       $pdata$_ssGetSymbolicDim   000000018001e8a0     DisplayCANMsg_sfun_registry.obj
 0004:000008ac       $pdata$_ssSetInputPortSymbolicDimsId 000000018001e8ac     DisplayCANMsg_sfun_registry.obj
 0004:000008b8       $pdata$_ssGetCompInputPortSymbolicDimsId 000000018001e8b8     DisplayCANMsg_sfun_registry.obj
 0004:000008c4       $pdata$_ssSetCompInputPortSymbolicDimsId 000000018001e8c4     DisplayCANMsg_sfun_registry.obj
 0004:000008d0       $pdata$_ssSetOutputPortSymbolicDimsId 000000018001e8d0     DisplayCANMsg_sfun_registry.obj
 0004:000008dc       $pdata$_ssGetCompOutputPortSymbolicDimsId 000000018001e8dc     DisplayCANMsg_sfun_registry.obj
 0004:000008e8       $pdata$_ssSetCompOutputPortSymbolicDimsId 000000018001e8e8     DisplayCANMsg_sfun_registry.obj
 0004:000008f4       $pdata$_ssSetCompDWorkSymbolicDimsId 000000018001e8f4     DisplayCANMsg_sfun_registry.obj
 0004:00000900       $pdata$ssGetIsZeroCrossControlDisabled 000000018001e900     DisplayCANMsg_sfun_registry.obj
 0004:0000090c       $pdata$ssSetIsInputPortUsedForContZcSignal 000000018001e90c     DisplayCANMsg_sfun_registry.obj
 0004:00000918       $pdata$ssSetZcSignalIsZcElementDisc 000000018001e918     DisplayCANMsg_sfun_registry.obj
 0004:00000924       $pdata$ssSetZcSignalName   000000018001e924     DisplayCANMsg_sfun_registry.obj
 0004:00000930       $pdata$ssSetZcSignalWidth  000000018001e930     DisplayCANMsg_sfun_registry.obj
 0004:0000093c       $pdata$ssSetZcSignalZcEventType 000000018001e93c     DisplayCANMsg_sfun_registry.obj
 0004:00000948       $pdata$ssSetZcSignalType   000000018001e948     DisplayCANMsg_sfun_registry.obj
 0004:00000954       $pdata$ssSetZcSignalZcTol  000000018001e954     DisplayCANMsg_sfun_registry.obj
 0004:00000960       $pdata$ssSetZcSignalNeedsEventNotification 000000018001e960     DisplayCANMsg_sfun_registry.obj
 0004:0000096c       $pdata$ssCreateAndAddZcSignalInfo 000000018001e96c     DisplayCANMsg_sfun_registry.obj
 0004:00000978       $pdata$ssCloneAndAddZcSignalInfo 000000018001e978     DisplayCANMsg_sfun_registry.obj
 0004:00000984       $pdata$ssGetNumZcSignals   000000018001e984     DisplayCANMsg_sfun_registry.obj
 0004:00000990       $pdata$ssGetZcSignalVector 000000018001e990     DisplayCANMsg_sfun_registry.obj
 0004:0000099c       $pdata$ssGetZcSignalName   000000018001e99c     DisplayCANMsg_sfun_registry.obj
 0004:000009a8       $pdata$ssGetZcSignalWidth  000000018001e9a8     DisplayCANMsg_sfun_registry.obj
 0004:000009b4       $pdata$ssGetZcSignalZcEventType 000000018001e9b4     DisplayCANMsg_sfun_registry.obj
 0004:000009c0       $pdata$ssGetZcSignalZcEvents 000000018001e9c0     DisplayCANMsg_sfun_registry.obj
 0004:000009cc       $pdata$ssGetZcSignalType   000000018001e9cc     DisplayCANMsg_sfun_registry.obj
 0004:000009d8       $pdata$ssGetZcSignalZcTol  000000018001e9d8     DisplayCANMsg_sfun_registry.obj
 0004:000009e4       $pdata$ssGetZcSignalNeedsEventNotification 000000018001e9e4     DisplayCANMsg_sfun_registry.obj
 0004:000009f0       $pdata$ssGetZcSignalIsZcElementDisc 000000018001e9f0     DisplayCANMsg_sfun_registry.obj
 0004:000009fc       $pdata$ssGetIsInputPortElementContinuous 000000018001e9fc     DisplayCANMsg_sfun_registry.obj
 0004:00000a08       $pdata$ssGetDTypeIdFromMxArray 000000018001ea08     DisplayCANMsg_sfun_registry.obj
 0004:00000a14       $pdata$ssWriteRTWStr       000000018001ea14     DisplayCANMsg_sfun_registry.obj
 0004:00000a20       $pdata$ssWriteRTWNameValuePair 000000018001ea20     DisplayCANMsg_sfun_registry.obj
 0004:00000a2c       $pdata$ssWriteRTWParamSettings 000000018001ea2c     DisplayCANMsg_sfun_registry.obj
 0004:00000a38       $pdata$ssWriteRTWParameters 000000018001ea38     DisplayCANMsg_sfun_registry.obj
 0004:00000a44       $pdata$ssWriteRTWWorkVect  000000018001ea44     DisplayCANMsg_sfun_registry.obj
 0004:00000a50       $pdata$ssWriteRTWMxVectParam 000000018001ea50     DisplayCANMsg_sfun_registry.obj
 0004:00000a5c       $pdata$ssWriteRTWMx2dMatParam 000000018001ea5c     DisplayCANMsg_sfun_registry.obj
 0004:00000a68       $pdata$_ssSetInputPortMatrixDimensions 000000018001ea68     DisplayCANMsg_sfun_registry.obj
 0004:00000a74       $pdata$_ssSetOutputPortMatrixDimensions 000000018001ea74     DisplayCANMsg_sfun_registry.obj
 0004:00000a80       $pdata$_ssSetInputPortVectorDimension 000000018001ea80     DisplayCANMsg_sfun_registry.obj
 0004:00000a8c       $pdata$_ssSetOutputPortVectorDimension 000000018001ea8c     DisplayCANMsg_sfun_registry.obj
 0004:00000a98       $pdata$ssIsRunTimeParamTunable 000000018001ea98     DisplayCANMsg_sfun_registry.obj
 0004:00000aa4       $pdata$ssGetSFuncBlockHandle 000000018001eaa4     DisplayCANMsg_sfun_registry.obj
 0004:00000ab0       $pdata$_ssGetCurrentInputPortWidth 000000018001eab0     DisplayCANMsg_sfun_registry.obj
 0004:00000abc       $pdata$_ssGetCurrentOutputPortWidth 000000018001eabc     DisplayCANMsg_sfun_registry.obj
 0004:00000ac8       $pdata$_ssGetCallSystemNumFcnCallDestinations 000000018001eac8     DisplayCANMsg_sfun_registry.obj
 0004:00000ad4       $pdata$ssWarning           000000018001ead4     DisplayCANMsg_sfun_registry.obj
 0004:00000ae0       $pdata$_ssGetAbsTol        000000018001eae0     DisplayCANMsg_sfun_registry.obj
 0004:00000aec       $pdata$sf_process_check_sum_call 000000018001eaec     DisplayCANMsg_sfun_registry.obj
 0004:00000af8       $pdata$sf_process_machine_uses_exported_functions_call 000000018001eaf8     DisplayCANMsg_sfun_registry.obj
 0004:00000b04       $pdata$sf_process_autoinheritance_call 000000018001eb04     DisplayCANMsg_sfun_registry.obj
 0004:00000b10       $pdata$sf_process_get_third_party_uses_info_call 000000018001eb10     DisplayCANMsg_sfun_registry.obj
 0004:00000b1c       $pdata$sf_process_get_jit_fallback_info_call 000000018001eb1c     DisplayCANMsg_sfun_registry.obj
 0004:00000b28       $pdata$sf_process_get_updateBuildInfo_args_info_call 000000018001eb28     DisplayCANMsg_sfun_registry.obj
 0004:00000b34       $pdata$sf_process_get_eml_resolved_functions_info_call 000000018001eb34     DisplayCANMsg_sfun_registry.obj
 0004:00000b40       $pdata$sf_process_get_post_codegen_info 000000018001eb40     DisplayCANMsg_sfun_registry.obj
 0004:00000b4c       $pdata$sf_mex_unlock_call  000000018001eb4c     DisplayCANMsg_sfun_registry.obj
 0004:00000b58       $pdata$sf_debug_api_wrapper 000000018001eb58     DisplayCANMsg_sfun_registry.obj
 0004:00000b64       $pdata$ProcessMexSfunctionCmdLineCall 000000018001eb64     DisplayCANMsg_sfun_registry.obj
 0004:00000b70       $pdata$sf_machine_global_initializer_called 000000018001eb70     DisplayCANMsg_sfun_registry.obj
 0004:00000b7c       $pdata$sf_machine_global_method_dispatcher 000000018001eb7c     DisplayCANMsg_sfun_registry.obj
 0004:00000b88       $pdata$sf_machine_global_terminator 000000018001eb88     DisplayCANMsg_sfun_registry.obj
 0004:00000b94       $pdata$sf_register_machine_exported_symbols 000000018001eb94     DisplayCANMsg_sfun_registry.obj
 0004:00000ba0       $pdata$sf_machine_global_initializer 000000018001eba0     DisplayCANMsg_sfun_registry.obj
 0004:00000bac       $pdata$getChartInfoFromSimStruct 000000018001ebac     DisplayCANMsg_sfun_registry.obj
 0004:00000bb8       $pdata$mdlGetSimState      000000018001ebb8     DisplayCANMsg_sfun_registry.obj
 0004:00000bc4       $pdata$mdlSetSimState      000000018001ebc4     DisplayCANMsg_sfun_registry.obj
 0004:00000bd0       $pdata$mdlSetWorkWidths    000000018001ebd0     DisplayCANMsg_sfun_registry.obj
 0004:00000bdc       $pdata$mdlProcessParameters 000000018001ebdc     DisplayCANMsg_sfun_registry.obj
 0004:00000be8       $pdata$mdl_start_processing 000000018001ebe8     DisplayCANMsg_sfun_registry.obj
 0004:00000bf4       $pdata$mdl_terminate_processing 000000018001ebf4     DisplayCANMsg_sfun_registry.obj
 0004:00000c00       $pdata$mdlStart            000000018001ec00     DisplayCANMsg_sfun_registry.obj
 0004:00000c0c       $pdata$mdlTerminate        000000018001ec0c     DisplayCANMsg_sfun_registry.obj
 0004:00000c18       $pdata$mdlInitializeSizes  000000018001ec18     DisplayCANMsg_sfun_registry.obj
 0004:00000c24       $pdata$mdlInitializeSampleTimes 000000018001ec24     DisplayCANMsg_sfun_registry.obj
 0004:00000c30       $pdata$mdl_outputs_continuous_legacy 000000018001ec30     DisplayCANMsg_sfun_registry.obj
 0004:00000c3c       $pdata$mdl_outputs_processing 000000018001ec3c     DisplayCANMsg_sfun_registry.obj
 0004:00000c48       $pdata$mdl_zeroCrossings_processing 000000018001ec48     DisplayCANMsg_sfun_registry.obj
 0004:00000c54       $pdata$mdlZeroCrossings    000000018001ec54     DisplayCANMsg_sfun_registry.obj
 0004:00000c60       $pdata$mdl_derivatives_processing 000000018001ec60     DisplayCANMsg_sfun_registry.obj
 0004:00000c6c       $pdata$mdlDerivatives      000000018001ec6c     DisplayCANMsg_sfun_registry.obj
 0004:00000c78       $pdata$mdl_initialize_conditions_processing 000000018001ec78     DisplayCANMsg_sfun_registry.obj
 0004:00000c84       $pdata$mdlInitializeConditions 000000018001ec84     DisplayCANMsg_sfun_registry.obj
 0004:00000c90       $pdata$mdl_ext_mode_exec_processing 000000018001ec90     DisplayCANMsg_sfun_registry.obj
 0004:00000c9c       $pdata$mdlExtModeExec      000000018001ec9c     DisplayCANMsg_sfun_registry.obj
 0004:00000ca8       $pdata$mdlRTW              000000018001eca8     DisplayCANMsg_sfun_registry.obj
 0004:00000cb4       $pdata$mdl_enable_processing 000000018001ecb4     DisplayCANMsg_sfun_registry.obj
 0004:00000cc0       $pdata$mdlEnable           000000018001ecc0     DisplayCANMsg_sfun_registry.obj
 0004:00000ccc       $pdata$mdl_disable_processing 000000018001eccc     DisplayCANMsg_sfun_registry.obj
 0004:00000cd8       $pdata$mdlDisable          000000018001ecd8     DisplayCANMsg_sfun_registry.obj
 0004:00000ce4       $pdata$mdlOutputs          000000018001ece4     DisplayCANMsg_sfun_registry.obj
 0004:00000cf0       $pdata$mdl_update_processing 000000018001ecf0     DisplayCANMsg_sfun_registry.obj
 0004:00000cfc       $pdata$mdlUpdate           000000018001ecfc     DisplayCANMsg_sfun_registry.obj
 0004:00000d08       $pdata$ProcessMexSfunctionEveryCall 000000018001ed08     DisplayCANMsg_sfun_registry.obj
 0004:00000d14       $pdata$_RegNumInputPortsCB 000000018001ed14     DisplayCANMsg_sfun_registry.obj
 0004:00000d20       $pdata$_RegNumOutputPortsCB 000000018001ed20     DisplayCANMsg_sfun_registry.obj
 0004:00000d2c       $pdata$_CreateSimStruct    000000018001ed2c     DisplayCANMsg_sfun_registry.obj
 0004:00000d38       $pdata$_ssFatalError       000000018001ed38     DisplayCANMsg_sfun_registry.obj
 0004:00000d44       $pdata$_ProcessMexSfunctionCmdLineCall 000000018001ed44     DisplayCANMsg_sfun_registry.obj
 0004:00000d50       $pdata$__raise_securityfailure 000000018001ed50     MSVCRT:gs_report.obj
 0004:00000d5c       $pdata$__report_gsfailure  000000018001ed5c     MSVCRT:gs_report.obj
 0004:00000d68       $pdata$__report_rangecheckfailure 000000018001ed68     MSVCRT:gs_report.obj
 0004:00000d74       $pdata$__report_securityfailure 000000018001ed74     MSVCRT:gs_report.obj
 0004:00000d80       $pdata$__report_securityfailureEx 000000018001ed80     MSVCRT:gs_report.obj
 0004:00000d8c       $pdata$__GSHandlerCheck    000000018001ed8c     MSVCRT:gshandler.obj
 0004:00000d98       $pdata$__GSHandlerCheckCommon 000000018001ed98     MSVCRT:gshandler.obj
 0004:00000db0       $pdata$pre_c_init          000000018001edb0     MSVCRT:crtdll.obj
 0004:00000dbc       $pdata$_CRT_INIT           000000018001edbc     MSVCRT:crtdll.obj
 0004:00000dc8       $pdata$_DllMainCRTStartup  000000018001edc8     MSVCRT:crtdll.obj
 0004:00000dd4       $pdata$__DllMainCRTStartup 000000018001edd4     MSVCRT:crtdll.obj
 0004:00000de0       $pdata$_IsNonwritableInCurrentImage 000000018001ede0     MSVCRT:pesect.obj
 0004:00000dec       $pdata$__atonexitinit      000000018001edec     MSVCRT:atonexit.obj
 0004:00000df8       $pdata$_onexit             000000018001edf8     MSVCRT:atonexit.obj
 0004:00000e04       $pdata$atexit              000000018001ee04     MSVCRT:atonexit.obj
 0004:00000e10       $pdata$__security_init_cookie 000000018001ee10     MSVCRT:gs_support.obj
 0004:00000e1c       $pdata$DllMain             000000018001ee1c     MSVCRT:dllmain.obj
 0004:00000e28       $pdata$_RTC_Initialize     000000018001ee28     MSVCRT:initsect.obj
 0004:00000e34       $pdata$_RTC_Terminate      000000018001ee34     MSVCRT:initsect.obj
 0004:00000e40       $pdata$__DllMainCRTStartup$filt$0 000000018001ee40     MSVCRT:crtdll.obj
 0004:00000e4c       $pdata$__DllMainCRTStartup$fin$1 000000018001ee4c     MSVCRT:crtdll.obj
 0004:00000e58       $pdata$_IsNonwritableInCurrentImage$filt$0 000000018001ee58     MSVCRT:pesect.obj
 0004:00000e64       $pdata$_onexit$fin$0       000000018001ee64     MSVCRT:atonexit.obj
